Component: ARM Compiler 5.06 update 6 (build 750) Tool: armlink [4d35ed]

==============================================================================

Section Cross References

    main.o(i.main) refers to stm32f4xx_hal.o(i.HAL_Init) for HAL_Init
    main.o(i.main) refers to sys.o(i.Stm32_Clock_Init) for Stm32_Clock_Init
    main.o(i.main) refers to delay.o(i.delay_init) for delay_init
    main.o(i.main) refers to usart.o(i.Uart2_Init) for Uart2_Init
    main.o(i.main) refers to usart.o(i.Uart3_Init) for Uart3_Init
    main.o(i.main) refers to led.o(i.LED_Init) for LED_Init
    main.o(i.main) refers to task_sys.o(i.initial_task) for initial_task
    main.o(i.main) refers to fmc.o(.data) for fsmc
    main.o(i.task1_task) refers to delay.o(i.delay_ms) for delay_ms
    main.o(i.task1_task) refers to tasks.o(i.vTaskDelay) for vTaskDelay
    system_stm32f4xx.o(i.SystemCoreClockUpdate) refers to system_stm32f4xx.o(.data) for .data
    datascope_dp.o(i.DataScope_Data_Generate) refers to datascope_dp.o(.bss) for .bss
    datascope_dp.o(i.DataScope_Get_Channel_Data) refers to datascope_dp.o(i.Float2Byte) for Float2Byte
    datascope_dp.o(i.DataScope_Get_Channel_Data) refers to datascope_dp.o(.bss) for .bss
    control.o(i.constant_speed_traj) refers to f2d.o(x$fpl$f2d) for __aeabi_f2d
    control.o(i.constant_speed_traj) refers to daddsub_clz.o(x$fpl$dadd) for __aeabi_dadd
    control.o(i.constant_speed_traj) refers to d2f.o(x$fpl$d2f) for __aeabi_d2f
    control.o(i.constant_speed_traj) refers to control.o(.data) for .data
    control.o(i.random_traj) refers to rand.o(.text) for srand
    control.o(i.random_traj) refers to rand.o(.emb_text) for rand
    control.o(i.random_traj) refers to f2d.o(x$fpl$f2d) for __aeabi_f2d
    control.o(i.random_traj) refers to daddsub_clz.o(x$fpl$dsub) for __aeabi_dsub
    control.o(i.random_traj) refers to dmul.o(x$fpl$dmul) for __aeabi_dmul
    control.o(i.random_traj) refers to d2f.o(x$fpl$d2f) for __aeabi_d2f
    control.o(i.random_traj) refers to control.o(.data) for .data
    control.o(i.traj_generate) refers to f2d.o(x$fpl$f2d) for __aeabi_f2d
    control.o(i.traj_generate) refers to daddsub_clz.o(x$fpl$dadd) for __aeabi_dadd
    control.o(i.traj_generate) refers to d2f.o(x$fpl$d2f) for __aeabi_d2f
    control.o(i.traj_generate) refers to dflt_clz.o(x$fpl$dflt) for __aeabi_i2d
    control.o(i.traj_generate) refers to cos.o(i.__hardfp_cos) for __hardfp_cos
    control.o(i.traj_generate) refers to dmul.o(x$fpl$dmul) for __aeabi_dmul
    control.o(i.traj_generate) refers to dfix.o(x$fpl$dfix) for __aeabi_d2iz
    control.o(i.traj_generate) refers to sin.o(i.__hardfp_sin) for __hardfp_sin
    control.o(i.traj_generate) refers to dflt_clz.o(x$fpl$dfltu) for __aeabi_ui2d
    control.o(i.traj_generate) refers to control.o(.data) for .data
    encoder.o(i.init_encoder) refers to delay.o(i.delay_us) for delay_us
    encoder.o(i.init_encoder) refers to encoder.o(.data) for .data
    encoder.o(i.parse_encoder) refers to delay.o(i.delay_us) for delay_us
    encoder.o(i.parse_encoder) refers to encoder.o(.data) for .data
    control_task.o(i.task2_task) refers to encoder.o(i.init_encoder) for init_encoder
    control_task.o(i.task2_task) refers to encoder.o(i.parse_encoder) for parse_encoder
    control_task.o(i.task2_task) refers to delay.o(i.delay_us) for delay_us
    control_task.o(i.task2_task) refers to control.o(i.traj_generate) for traj_generate
    control_task.o(i.task2_task) refers to control_task.o(.bss) for .bss
    control_task.o(i.task2_task) refers to usart.o(.data) for begins
    control_task.o(i.task2_task) refers to control_task.o(.data) for .data
    control_task.o(i.task2_task) refers to usart.o(.data) for controlbegin
    control_task.o(i.task2_task) refers to tasks.o(i.vTaskDelay) for vTaskDelay
    startup_stm32f429xx.o(STACK) refers (Special) to heapauxi.o(.text) for __use_two_region_memory
    startup_stm32f429xx.o(HEAP) refers (Special) to heapauxi.o(.text) for __use_two_region_memory
    startup_stm32f429xx.o(RESET) refers (Special) to heapauxi.o(.text) for __use_two_region_memory
    startup_stm32f429xx.o(RESET) refers to startup_stm32f429xx.o(STACK) for __initial_sp
    startup_stm32f429xx.o(RESET) refers to startup_stm32f429xx.o(.text) for Reset_Handler
    startup_stm32f429xx.o(RESET) refers to stm32f4xx_it.o(i.NMI_Handler) for NMI_Handler
    startup_stm32f429xx.o(RESET) refers to stm32f4xx_it.o(i.HardFault_Handler) for HardFault_Handler
    startup_stm32f429xx.o(RESET) refers to stm32f4xx_it.o(i.MemManage_Handler) for MemManage_Handler
    startup_stm32f429xx.o(RESET) refers to stm32f4xx_it.o(i.BusFault_Handler) for BusFault_Handler
    startup_stm32f429xx.o(RESET) refers to stm32f4xx_it.o(i.UsageFault_Handler) for UsageFault_Handler
    startup_stm32f429xx.o(RESET) refers to port.o(.emb_text) for SVC_Handler
[...]
    x$fpl$dsub                               0x08005628   Section      468  daddsub_clz.o(x$fpl$dsub)
    $v0                                      0x08005628   Number         0  daddsub_clz.o(x$fpl$dsub)
    _dsub1                                   0x08005639   Thumb Code     0  daddsub_clz.o(x$fpl$dsub)
    x$fpl$f2d                                0x080057fc   Section       86  f2d.o(x$fpl$f2d)
    $v0                                      0x080057fc   Number         0  f2d.o(x$fpl$f2d)
    x$fpl$fnaninf                            0x08005852   Section      140  fnaninf.o(x$fpl$fnaninf)
    $v0                                      0x08005852   Number         0  fnaninf.o(x$fpl$fnaninf)
    x$fpl$fpinit                             0x080058de   Section       10  fpinit.o(x$fpl$fpinit)
    $v0                                      0x080058de   Number         0  fpinit.o(x$fpl$fpinit)
    x$fpl$fretinf                            0x080058e8   Section       10  fretinf.o(x$fpl$fretinf)
    $v0                                      0x080058e8   Number         0  fretinf.o(x$fpl$fretinf)
    .constdata                               0x080058f2   Section       16  stm32f4xx_hal_rcc.o(.constdata)
    x$fpl$usenofp                            0x080058f2   Section        0  usenofp.o(x$fpl$usenofp)
    .constdata                               0x08005908   Section       48  cos_i.o(.constdata)
    C                                        0x08005908   Data          48  cos_i.o(.constdata)
    .constdata                               0x08005938   Section      200  rred.o(.constdata)
    pio2s                                    0x08005938   Data          48  rred.o(.constdata)
    twooverpi                                0x08005968   Data         152  rred.o(.constdata)
    .constdata                               0x08005a00   Section       40  sin_i.o(.constdata)
    S                                        0x08005a00   Data          40  sin_i.o(.constdata)
    .data                                    0x20000000   Section       20  system_stm32f4xx.o(.data)
    .data                                    0x20000014   Section       24  control.o(.data)
    dot_begin                                0x20000014   Data           1  control.o(.data)
    trajectory_begin                         0x20000015   Data           1  control.o(.data)
    traj_cnt                                 0x20000016   Data           1  control.o(.data)
    dir                                      0x20000017   Data           1  control.o(.data)
    saved_position                           0x20000018   Data           2  control.o(.data)
    saved_desired                            0x2000001a   Data           2  control.o(.data)
    xtz                                      0x2000001c   Data           2  control.o(.data)
    random_seed                              0x2000001e   Data           2  control.o(.data)
    inc_position                             0x20000020   Data           4  control.o(.data)
    t                                        0x20000024   Data           4  control.o(.data)
    t                                        0x20000028   Data           4  control.o(.data)
    .data                                    0x2000002c   Section       12  encoder.o(.data)
    read_addr                                0x2000002c   Data           3  encoder.o(.data)
    write_addr                               0x2000002f   Data           3  encoder.o(.data)
    encoder_zero                             0x20000032   Data           6  encoder.o(.data)
    .data                                    0x20000038   Section       56  control_task.o(.data)
    interact_state                           0x20000039   Data           1  control_task.o(.data)
    impadence_switch                         0x2000003a   Data           1  control_task.o(.data)
    impadence_k                              0x2000003b   Data           1  control_task.o(.data)
    error_cnt                                0x2000003e   Data           2  control_task.o(.data)
    interact_position                        0x20000042   Data           2  control_task.o(.data)
    interact_count                           0x20000054   Data           4  control_task.o(.data)
    s_k                                      0x2000005c   Data           4  control_task.o(.data)
    .data                                    0x20000070   Section        4  stm32f4xx_hal.o(.data)
    uwTick                                   0x20000070   Data           4  stm32f4xx_hal.o(.data)
    .data                                    0x20000074   Section        8  delay.o(.data)
    fac_ms                                   0x20000074   Data           2  delay.o(.data)
    fac_us                                   0x20000078   Data           4  delay.o(.data)
    .data                                    0x2000007c   Section        1  usart.o(.data)
    .data                                    0x2000007e   Section        4  usart.o(.data)
    .data                                    0x20000084   Section        4  usart.o(.data)
    .data                                    0x20000088   Section        1  usart.o(.data)
    .data                                    0x2000008c   Section        4  fmc.o(.data)
    .data                                    0x20000090   Section       12  task_sys.o(.data)
    .data                                    0x2000009c   Section       60  tasks.o(.data)
    uxDeletedTasksWaitingCleanUp             0x200000a0   Data           4  tasks.o(.data)
    uxCurrentNumberOfTasks                   0x200000a4   Data           4  tasks.o(.data)
    xTickCount                               0x200000a8   Data           4  tasks.o(.data)
    uxTopReadyPriority                       0x200000ac   Data           4  tasks.o(.data)
    xSchedulerRunning                        0x200000b0   Data           4  tasks.o(.data)
    uxPendedTicks                            0x200000b4   Data           4  tasks.o(.data)
    xYieldPending                            0x200000b8   Data           4  tasks.o(.data)
    xNumOfOverflows                          0x200000bc   Data           4  tasks.o(.data)
    uxTaskNumber                             0x200000c0   Data           4  tasks.o(.data)
    xNextTaskUnblockTime                     0x200000c4   Data           4  tasks.o(.data)
    xIdleTaskHandle                          0x200000c8   Data           4  tasks.o(.data)
    uxSchedulerSuspended                     0x200000cc   Data           4  tasks.o(.data)
    pxDelayedTaskList                        0x200000d0   Data           4  tasks.o(.data)
    pxOverflowDelayedTaskList                0x200000d4   Data           4  tasks.o(.data)
    .data                                    0x200000d8   Section       20  timers.o(.data)
    xTimerQueue                              0x200000d8   Data           4  timers.o(.data)
    xTimerTaskHandle                         0x200000dc   Data           4  timers.o(.data)
    xLastTime                                0x200000e0   Data           4  timers.o(.data)
    pxCurrentTimerList                       0x200000e4   Data           4  timers.o(.data)
    pxOverflowTimerList                      0x200000e8   Data           4  timers.o(.data)
    .data                                    0x200000ec   Section       12  port.o(.data)
    ucMaxSysCallPriority                     0x200000ec   Data           1  port.o(.data)
    uxCriticalNesting                        0x200000f0   Data           4  port.o(.data)
    ulMaxPRIGROUPValue                       0x200000f4   Data           4  port.o(.data)
    .data                                    0x200000f8   Section       24  heap_4.o(.data)
    pxEnd                                    0x200000f8   Data           4  heap_4.o(.data)
    xFreeBytesRemaining                      0x200000fc   Data           4  heap_4.o(.data)
    xMinimumEverFreeBytesRemaining           0x20000100   Data           4  heap_4.o(.data)
    xBlockAllocatedBit                       0x20000104   Data           4  heap_4.o(.data)
    xStart                                   0x20000108   Data           8  heap_4.o(.data)
    .bss                                     0x20000110   Section       92  control_task.o(.bss)
    joint                                    0x2000011c   Data          12  control_task.o(.bss)
    .bss                                     0x2000016c   Section      392  usart.o(.bss)
    .bss                                     0x200002f4   Section       64  queue.o(.bss)
    .bss                                     0x20000334   Section      740  tasks.o(.bss)
    pxReadyTasksLists                        0x20000334   Data         640  tasks.o(.bss)
    xDelayedTaskList1                        0x200005b4   Data          20  tasks.o(.bss)
    xDelayedTaskList2                        0x200005c8   Data          20  tasks.o(.bss)
    xPendingReadyList                        0x200005dc   Data          20  tasks.o(.bss)
    xTasksWaitingTermination                 0x200005f0   Data          20  tasks.o(.bss)
    xSuspendedTaskList                       0x20000604   Data          20  tasks.o(.bss)
    .bss                                     0x20000618   Section       40  timers.o(.bss)
    xActiveTimerList1                        0x20000618   Data          20  timers.o(.bss)
    xActiveTimerList2                        0x2000062c   Data          20  timers.o(.bss)
    .bss                                     0x20000640   Section    47104  heap_4.o(.bss)
    ucHeap                                   0x20000640   Data       47104  heap_4.o(.bss)
    .bss                                     0x2000be40   Section       96  libspace.o(.bss)
    HEAP                                     0x2000bea0   Section      512  startup_stm32f429xx.o(HEAP)
    Heap_Mem                                 0x2000bea0   Data         512  startup_stm32f429xx.o(HEAP)
    STACK                                    0x2000c0a0   Section     1024  startup_stm32f429xx.o(STACK)
    Stack_Mem                                0x2000c0a0   Data        1024  startup_stm32f429xx.o(STACK)
    __initial_sp                             0x2000c4a0   Data           0  startup_stm32f429xx.o(STACK)
    .ARM.__AT_0xC0000000                     0xc0000000   Section    2048000  ltdc.o(.ARM.__AT_0xC0000000)

    Global Symbols

    Symbol Name                              Value     Ov Type        Size  Object(Section)

    BuildAttributes$$THM_ISAv4$E$P$D$K$B$S$7EM$VFPi3$EXTD16$VFPS$VFMA$PE$A:L22UL41UL21$X:L11$S22US41US21$IEEE1$IW$USESV6$~STKCKD$USESV7$~SHL$OTIME$ROPI$IEEEX$EBA8$UX$STANDARDLIB$REQ8$PRES8$EABIv2 0x00000000   Number         0  anon$$obj.o ABSOLUTE
    __ARM_use_no_argv                        0x00000000   Number         0  main.o ABSOLUTE
    __ARM_exceptions_init                     - Undefined Weak Reference
    __alloca_initialize                       - Undefined Weak Reference
    __arm_preinit_                            - Undefined Weak Reference
    __cpp_initialize__aeabi_                  - Undefined Weak Reference
    __cxa_finalize                            - Undefined Weak Reference
    __rt_locale                               - Undefined Weak Reference
    __sigvec_lookup                           - Undefined Weak Reference
    _atexit_init                              - Undefined Weak Reference
    _call_atexit_fns                          - Undefined Weak Reference
    _clock_init                               - Undefined Weak Reference
    _fp_trap_init                             - Undefined Weak Reference
    _fp_trap_shutdown                         - Undefined Weak Reference
    _get_lc_collate                           - Undefined Weak Reference
    _get_lc_ctype                             - Undefined Weak Reference
    _get_lc_monetary                          - Undefined Weak Reference
    _get_lc_numeric                           - Undefined Weak Reference
    _get_lc_time                              - Undefined Weak Reference
    _getenv_init                              - Undefined Weak Reference
    _handle_redirection                       - Undefined Weak Reference
    _init_alloc                               - Undefined Weak Reference
    _init_user_alloc                          - Undefined Weak Reference
    _initio                                   - Undefined Weak Reference
    _mutex_acquire                            - Undefined Weak Reference
    _mutex_release                            - Undefined Weak Reference
    _printf_mbtowc                            - Undefined Weak Reference
    _printf_post_padding                      - Undefined Weak Reference
    _printf_pre_padding                       - Undefined Weak Reference
    _printf_truncate_signed                   - Undefined Weak Reference
    _printf_truncate_unsigned                 - Undefined Weak Reference
    _signal_finish                            - Undefined Weak Reference
    _signal_init                              - Undefined Weak Reference
    _terminate_alloc                          - Undefined Weak Reference
    _terminate_user_alloc                     - Undefined Weak Reference
    _terminateio                              - Undefined Weak Reference
    __Vectors_Size                           0x000001ac   Number         0  startup_stm32f429xx.o ABSOLUTE
    __Vectors                                0x08000000   Data           4  startup_stm32f429xx.o(RESET)
    __Vectors_End                            0x080001ac   Data           0  startup_stm32f429xx.o(RESET)
    __main                                   0x080001ad   Thumb Code     8  __main.o(!!!main)
    __scatterload                            0x080001b5   Thumb Code     0  __scatter.o(!!!scatter)
    __scatterload_rt2                        0x080001b5   Thumb Code    44  __scatter.o(!!!scatter)
    __scatterload_rt2_thumb_only             0x080001b5   Thumb Code     0  __scatter.o(!!!scatter)
    __scatterload_null                       0x080001c3   Thumb Code     0  __scatter.o(!!!scatter)
    __scatterload_copy                       0x080001e9   Thumb Code    26  __scatter_copy.o(!!handler_copy)
    __scatterload_zeroinit                   0x08000205   Thumb Code    28  __scatter_zi.o(!!handler_zi)
    _printf_d                                0x08000221   Thumb Code     0  _printf_d.o(.ARM.Collect$$_printf_percent$$00000009)
    _printf_percent                          0x08000221   Thumb Code     0  _printf_percent.o(.ARM.Collect$$_printf_percent$$00000000)
    _printf_s                                0x08000227   Thumb Code     0  _printf_s.o(.ARM.Collect$$_printf_percent$$00000014)
    _printf_percent_end                      0x0800022d   Thumb Code     0  _printf_percent_end.o(.ARM.Collect$$_printf_percent$$00000017)
    __rt_lib_init                            0x08000231   Thumb Code     0  libinit.o(.ARM.Collect$$libinit$$00000000)
    __rt_lib_init_fp_1                       0x08000233   Thumb Code     0  libinit2.o(.ARM.Collect$$libinit$$00000001)
    __rt_lib_init_alloca_1                   0x08000237   Thumb Code     0  libinit2.o(.ARM.Collect$$libinit$$0000002E)
    __rt_lib_init_argv_1                     0x08000237   Thumb Code     0  libinit2.o(.ARM.Collect$$libinit$$0000002C)
    __rt_lib_init_atexit_1                   0x08000237   Thumb Code     0  libinit2.o(.ARM.Collect$$libinit$$0000001B)
    __rt_lib_init_clock_1                    0x08000237   Thumb Code     0  libinit2.o(.ARM.Collect$$libinit$$00000021)
    __rt_lib_init_cpp_1                      0x08000237   Thumb Code     0  libinit2.o(.ARM.Collect$$libinit$$00000032)
    __rt_lib_init_exceptions_1               0x08000237   Thumb Code     0  libinit2.o(.ARM.Collect$$libinit$$00000030)
    __rt_lib_init_fp_trap_1                  0x08000237   Thumb Code     0  libinit2.o(.ARM.Collect$$libinit$$0000001F)
    __rt_lib_init_getenv_1                   0x08000237   Thumb Code     0  libinit2.o(.ARM.Collect$$libinit$$00000023)
    __rt_lib_init_heap_1                     0x08000237   Thumb Code     0  libinit2.o(.ARM.Collect$$libinit$$0000000A)
    __rt_lib_init_lc_collate_1               0x08000237   Thumb Code     0  libinit2.o(.ARM.Collect$$libinit$$00000011)
    __rt_lib_init_lc_ctype_1                 0x08000237   Thumb Code     0  libinit2.o(.ARM.Collect$$libinit$$00000013)
    __rt_lib_init_lc_monetary_1              0x08000237   Thumb Code     0  libinit2.o(.ARM.Collect$$libinit$$00000015)
    __rt_lib_init_lc_numeric_1               0x08000237   Thumb Code     0  libinit2.o(.ARM.Collect$$libinit$$00000017)
    __rt_lib_init_lc_time_1                  0x08000237   Thumb Code     0  libinit2.o(.ARM.Collect$$libinit$$00000019)
    __rt_lib_init_preinit_1                  0x08000237   Thumb Code     0  libinit2.o(.ARM.Collect$$libinit$$00000004)
    __rt_lib_init_rand_1                     0x08000237   Thumb Code     0  libinit2.o(.ARM.Collect$$libinit$$0000000E)
    __rt_lib_init_return                     0x08000237   Thumb Code     0  libinit2.o(.ARM.Collect$$libinit$$00000033)
    __rt_lib_init_signal_1                   0x08000237   Thumb Code     0  libinit2.o(.ARM.Collect$$libinit$$0000001D)
    __rt_lib_init_stdio_1                    0x08000237   Thumb Code     0  libinit2.o(.ARM.Collect$$libinit$$00000025)
    __rt_lib_init_user_alloc_1               0x08000237   Thumb Code     0  libinit2.o(.ARM.Collect$$libinit$$0000000C)
    __rt_lib_shutdown                        0x08000239   Thumb Code     0  libshutdown.o(.ARM.Collect$$libshutdown$$00000000)
    __rt_lib_shutdown_cpp_1                  0x0800023b   Thumb Code     0  libshutdown2.o(.ARM.Collect$$libshutdown$$00000002)
    __rt_lib_shutdown_fp_trap_1              0x0800023b   Thumb Code     0  libshutdown2.o(.ARM.Collect$$libshutdown$$00000007)
    __rt_lib_shutdown_heap_1                 0x0800023b   Thumb Code     0  libshutdown2.o(.ARM.Collect$$libshutdown$$0000000F)
    __rt_lib_shutdown_return                 0x0800023b   Thumb Code     0  libshutdown2.o(.ARM.Collect$$libshutdown$$00000010)
    __rt_lib_shutdown_signal_1               0x0800023b   Thumb Code     0  libshutdown2.o(.ARM.Collect$$libshutdown$$0000000A)
    __rt_lib_shutdown_stdio_1                0x0800023b   Thumb Code     0  libshutdown2.o(.ARM.Collect$$libshutdown$$00000004)
    __rt_lib_shutdown_user_alloc_1           0x0800023b   Thumb Code     0  libshutdown2.o(.ARM.Collect$$libshutdown$$0000000C)
    __rt_entry                               0x0800023d   Thumb Code     0  __rtentry.o(.ARM.Collect$$rtentry$$00000000)
    __rt_entry_presh_1                       0x0800023d   Thumb Code     0  __rtentry2.o(.ARM.Collect$$rtentry$$00000002)
    __rt_entry_sh                            0x0800023d   Thumb Code     0  __rtentry4.o(.ARM.Collect$$rtentry$$00000004)
    __rt_entry_li                            0x08000243   Thumb Code     0  __rtentry2.o(.ARM.Collect$$rtentry$$0000000A)
    __rt_entry_postsh_1                      0x08000243   Thumb Code     0  __rtentry2.o(.ARM.Collect$$rtentry$$00000009)
    __rt_entry_main                          0x08000247   Thumb Code     0  __rtentry2.o(.ARM.Collect$$rtentry$$0000000D)
    __rt_entry_postli_1                      0x08000247   Thumb Code     0  __rtentry2.o(.ARM.Collect$$rtentry$$0000000C)
    __rt_exit                                0x0800024f   Thumb Code     0  rtexit.o(.ARM.Collect$$rtexit$$00000000)
    __rt_exit_ls                             0x08000251   Thumb Code     0  rtexit2.o(.ARM.Collect$$rtexit$$00000003)
    __rt_exit_prels_1                        0x08000251   Thumb Code     0  rtexit2.o(.ARM.Collect$$rtexit$$00000002)
    __rt_exit_exit                           0x08000255   Thumb Code     0  rtexit2.o(.ARM.Collect$$rtexit$$00000004)
    SVC_Handler                              0x0800025d   Thumb Code    28  port.o(.emb_text)
    __asm___6_port_c_39a90d8d__prvStartFirstTask 0x0800027d   Thumb Code    28  port.o(.emb_text)
    __asm___6_port_c_39a90d8d__prvEnableVFP  0x0800029d   Thumb Code    16  port.o(.emb_text)
    PendSV_Handler                           0x080002b1   Thumb Code    88  port.o(.emb_text)
    vPortGetIPSR                             0x0800030d   Thumb Code     6  port.o(.emb_text)
    Reset_Handler                            0x08000315   Thumb Code     8  startup_stm32f429xx.o(.text)
    ADC_IRQHandler                           0x0800032f   Thumb Code     0  startup_stm32f429xx.o(.text)
    CAN1_RX0_IRQHandler                      0x0800032f   Thumb Code     0  startup_stm32f429xx.o(.text)
    CAN1_RX1_IRQHandler                      0x0800032f   Thumb Code     0  startup_stm32f429xx.o(.text)
    CAN1_SCE_IRQHandler                      0x0800032f   Thumb Code     0  startup_stm32f429xx.o(.text)
    CAN1_TX_IRQHandler                       0x0800032f   Thumb Code     0  startup_stm32f429xx.o(.text)
    CAN2_RX0_IRQHandler                      0x0800032f   Thumb Code     0  startup_stm32f429xx.o(.text)
    CAN2_RX1_IRQHandler                      0x0800032f   Thumb Code     0  startup_stm32f429xx.o(.text)
    CAN2_SCE_IRQHandler                      0x0800032f   Thumb Code     0  startup_stm32f429xx.o(.text)
    CAN2_TX_IRQHandler                       0x0800032f   Thumb Code     0  startup_stm32f429xx.o(.text)
    DCMI_IRQHandler                          0x0800032f   Thumb Code     0  startup_stm32f429xx.o(.text)
    DMA1_Stream0_IRQHandler                  0x0800032f   Thumb Code     0  startup_stm32f429xx.o(.text)
    DMA1_Stream1_IRQHandler                  0x0800032f   Thumb Code     0  startup_stm32f429xx.o(.text)
    DMA1_Stream2_IRQHandler                  0x0800032f   Thumb Code     0  startup_stm32f429xx.o(.text)
    DMA1_Stream3_IRQHandler                  0x0800032f   Thumb Code     0  startup_stm32f429xx.o(.text)
    DMA1_Stream4_IRQHandler                  0x0800032f   Thumb Code     0  startup_stm32f429xx.o(.text)
    DMA1_Stream5_IRQHandler                  0x0800032f   Thumb Code     0  startup_stm32f429xx.o(.text)
    DMA1_Stream6_IRQHandler                  0x0800032f   Thumb Code     0  startup_stm32f429xx.o(.text)
    DMA1_Stream7_IRQHandler                  0x0800032f   Thumb Code     0  startup_stm32f429xx.o(.text)
    DMA2D_IRQHandler                         0x0800032f   Thumb Code     0  startup_stm32f429xx.o(.text)
    DMA2_Stream0_IRQHandler                  0x0800032f   Thumb Code     0  startup_stm32f429xx.o(.text)
    DMA2_Stream1_IRQHandler                  0x0800032f   Thumb Code     0  startup_stm32f429xx.o(.text)
    DMA2_Stream2_IRQHandler                  0x0800032f   Thumb Code     0  startup_stm32f429xx.o(.text)
    DMA2_Stream3_IRQHandler                  0x0800032f   Thumb Code     0  startup_stm32f429xx.o(.text)
    DMA2_Stream4_IRQHandler                  0x0800032f   Thumb Code     0  startup_stm32f429xx.o(.text)
    DMA2_Stream5_IRQHandler                  0x0800032f   Thumb Code     0  startup_stm32f429xx.o(.text)
    DMA2_Stream6_IRQHandler                  0x0800032f   Thumb Code     0  startup_stm32f429xx.o(.text)
    DMA2_Stream7_IRQHandler                  0x0800032f   Thumb Code     0  startup_stm32f429xx.o(.text)
    ETH_IRQHandler                           0x0800032f   Thumb Code     0  startup_stm32f429xx.o(.text)
    ETH_WKUP_IRQHandler                      0x0800032f   Thumb Code     0  startup_stm32f429xx.o(.text)
    EXTI0_IRQHandler                         0x0800032f   Thumb Code     0  startup_stm32f429xx.o(.text)
    EXTI15_10_IRQHandler                     0x0800032f   Thumb Code     0  startup_stm32f429xx.o(.text)
    EXTI1_IRQHandler                         0x0800032f   Thumb Code     0  startup_stm32f429xx.o(.text)
    EXTI2_IRQHandler                         0x0800032f   Thumb Code     0  startup_stm32f429xx.o(.text)
    EXTI3_IRQHandler                         0x0800032f   Thumb Code     0  startup_stm32f429xx.o(.text)
    EXTI4_IRQHandler                         0x0800032f   Thumb Code     0  startup_stm32f429xx.o(.text)
    EXTI9_5_IRQHandler                       0x0800032f   Thumb Code     0  startup_stm32f429xx.o(.text)
    FLASH_IRQHandler                         0x0800032f   Thumb Code     0  startup_stm32f429xx.o(.text)
    FMC_IRQHandler                           0x0800032f   Thumb Code     0  startup_stm32f429xx.o(.text)
    FPU_IRQHandler                           0x0800032f   Thumb Code     0  startup_stm32f429xx.o(.text)
    HASH_RNG_IRQHandler                      0x0800032f   Thumb Code     0  startup_stm32f429xx.o(.text)
    I2C1_ER_IRQHandler                       0x0800032f   Thumb Code     0  startup_stm32f429xx.o(.text)
    I2C1_EV_IRQHandler                       0x0800032f   Thumb Code     0  startup_stm32f429xx.o(.text)
    I2C2_ER_IRQHandler                       0x0800032f   Thumb Code     0  startup_stm32f429xx.o(.text)
    I2C2_EV_IRQHandler                       0x0800032f   Thumb Code     0  startup_stm32f429xx.o(.text)
    I2C3_ER_IRQHandler                       0x0800032f   Thumb Code     0  startup_stm32f429xx.o(.text)
    I2C3_EV_IRQHandler                       0x0800032f   Thumb Code     0  startup_stm32f429xx.o(.text)
    LTDC_ER_IRQHandler                       0x0800032f   Thumb Code     0  startup_stm32f429xx.o(.text)
    LTDC_IRQHandler                          0x0800032f   Thumb Code     0  startup_stm32f429xx.o(.text)
    OTG_FS_IRQHandler                        0x0800032f   Thumb Code     0  startup_stm32f429xx.o(.text)
    OTG_FS_WKUP_IRQHandler                   0x0800032f   Thumb Code     0  startup_stm32f429xx.o(.text)
    OTG_HS_EP1_IN_IRQHandler                 0x0800032f   Thumb Code     0  startup_stm32f429xx.o(.text)
    OTG_HS_EP1_OUT_IRQHandler                0x0800032f   Thumb Code     0  startup_stm32f429xx.o(.text)
    OTG_HS_IRQHandler                        0x0800032f   Thumb Code     0  startup_stm32f429xx.o(.text)
    OTG_HS_WKUP_IRQHandler                   0x0800032f   Thumb Code     0  startup_stm32f429xx.o(.text)
    PVD_IRQHandler                           0x0800032f   Thumb Code     0  startup_stm32f429xx.o(.text)
    RCC_IRQHandler                           0x0800032f   Thumb Code     0  startup_stm32f429xx.o(.text)
    RTC_Alarm_IRQHandler                     0x0800032f   Thumb Code     0  startup_stm32f429xx.o(.text)
    RTC_WKUP_IRQHandler                      0x0800032f   Thumb Code     0  startup_stm32f429xx.o(.text)
    SAI1_IRQHandler                          0x0800032f   Thumb Code     0  startup_stm32f429xx.o(.text)
    SDIO_IRQHandler                          0x0800032f   Thumb Code     0  startup_stm32f429xx.o(.text)
    SPI1_IRQHandler                          0x0800032f   Thumb Code     0  startup_stm32f429xx.o(.text)
    SPI2_IRQHandler                          0x0800032f   Thumb Code     0  startup_stm32f429xx.o(.text)
    SPI3_IRQHandler                          0x0800032f   Thumb Code     0  startup_stm32f429xx.o(.text)
    SPI4_IRQHandler                          0x0800032f   Thumb Code     0  startup_stm32f429xx.o(.text)
    SPI5_IRQHandler                          0x0800032f   Thumb Code     0  startup_stm32f429xx.o(.text)
    SPI6_IRQHandler                          0x0800032f   Thumb Code     0  startup_stm32f429xx.o(.text)
    TAMP_STAMP_IRQHandler                    0x0800032f   Thumb Code     0  startup_stm32f429xx.o(.text)
    TIM1_BRK_TIM9_IRQHandler                 0x0800032f   Thumb Code     0  startup_stm32f429xx.o(.text)
    TIM1_CC_IRQHandler                       0x0800032f   Thumb Code     0  startup_stm32f429xx.o(.text)
    TIM1_TRG_COM_TIM11_IRQHandler            0x0800032f   Thumb Code     0  startup_stm32f429xx.o(.text)
    TIM1_UP_TIM10_IRQHandler                 0x0800032f   Thumb Code     0  startup_stm32f429xx.o(.text)
    TIM2_IRQHandler                          0x0800032f   Thumb Code     0  startup_stm32f429xx.o(.text)
    TIM3_IRQHandler                          0x0800032f   Thumb Code     0  startup_stm32f429xx.o(.text)
    TIM4_IRQHandler                          0x0800032f   Thumb Code     0  startup_stm32f429xx.o(.text)
    TIM5_IRQHandler                          0x0800032f   Thumb Code     0  startup_stm32f429xx.o(.text)
    TIM6_DAC_IRQHandler                      0x0800032f   Thumb Code     0  startup_stm32f429xx.o(.text)
    TIM7_IRQHandler                          0x0800032f   Thumb Code     0  startup_stm32f429xx.o(.text)
    TIM8_BRK_TIM12_IRQHandler                0x0800032f   Thumb Code     0  startup_stm32f429xx.o(.text)
    TIM8_CC_IRQHandler                       0x0800032f   Thumb Code     0  startup_stm32f429xx.o(.text)
    TIM8_TRG_COM_TIM14_IRQHandler            0x0800032f   Thumb Code     0  startup_stm32f429xx.o(.text)
    TIM8_UP_TIM13_IRQHandler                 0x0800032f   Thumb Code     0  startup_stm32f429xx.o(.text)
    UART4_IRQHandler                         0x0800032f   Thumb Code     0  startup_stm32f429xx.o(.text)
    UART5_IRQHandler                         0x0800032f   Thumb Code     0  startup_stm32f429xx.o(.text)
    UART7_IRQHandler                         0x0800032f   Thumb Code     0  startup_stm32f429xx.o(.text)
    UART8_IRQHandler                         0x0800032f   Thumb Code     0  startup_stm32f429xx.o(.text)
    USART6_IRQHandler                        0x0800032f   Thumb Code     0  startup_stm32f429xx.o(.text)
    WWDG_IRQHandler                          0x0800032f   Thumb Code     0  startup_stm32f429xx.o(.text)
    __user_initial_stackheap                 0x08000331   Thumb Code     0  startup_stm32f429xx.o(.text)
    __use_no_semihosting                     0x08000355   Thumb Code     2  use_no_semi_2.o(.text)
    __2printf                                0x08000359   Thumb Code    20  noretval__2printf.o(.text)
    __printf                                 0x08000371   Thumb Code   104  __printf.o(.text)
    _printf_str                              0x080003d9   Thumb Code    82  _printf_str.o(.text)
    _printf_int_dec                          0x0800042d   Thumb Code   104  _printf_dec.o(.text)
    __aeabi_memcpy                           0x080004a5   Thumb Code     0  rt_memcpy_v6.o(.text)
    __rt_memcpy                              0x080004a5   Thumb Code   138  rt_memcpy_v6.o(.text)
    _memcpy_lastbytes                        0x0800050b   Thumb Code     0  rt_memcpy_v6.o(.text)
    __aeabi_memcpy4                          0x0800052f   Thumb Code     0  rt_memcpy_w.o(.text)
    __aeabi_memcpy8                          0x0800052f   Thumb Code     0  rt_memcpy_w.o(.text)
    __rt_memcpy_w                            0x0800052f   Thumb Code   100  rt_memcpy_w.o(.text)
    _memcpy_lastbytes_aligned                0x08000577   Thumb Code     0  rt_memcpy_w.o(.text)
    __aeabi_memset                           0x08000593   Thumb Code    16  aeabi_memset.o(.text)
    __use_two_region_memory                  0x080005a3   Thumb Code     2  heapauxi.o(.text)
    __rt_heap_escrow$2region                 0x080005a5   Thumb Code     2  heapauxi.o(.text)
    __rt_heap_expand$2region                 0x080005a7   Thumb Code     2  heapauxi.o(.text)
    __I$use$semihosting                      0x080005a9   Thumb Code     0  use_no_semi.o(.text)
    __use_no_semihosting_swi                 0x080005a9   Thumb Code     2  use_no_semi.o(.text)
    __read_errno                             0x080005ab   Thumb Code    10  _rserrno.o(.text)
    __set_errno                              0x080005b5   Thumb Code    12  _rserrno.o(.text)
    _printf_int_common                       0x080005c1   Thumb Code   178  _printf_intcommon.o(.text)
    _printf_char_common                      0x0800067f   Thumb Code    32  _printf_char_common.o(.text)
    _printf_cs_common                        0x080006a5   Thumb Code    20  _printf_char.o(.text)
    _printf_char                             0x080006b9   Thumb Code    16  _printf_char.o(.text)
    _printf_string                           0x080006c9   Thumb Code     8  _printf_char.o(.text)
    _printf_char_file                        0x080006d1   Thumb Code    32  _printf_char_file.o(.text)
    __aeabi_memclr                           0x080006f5   Thumb Code     0  rt_memclr.o(.text)
    __rt_memclr                              0x080006f5   Thumb Code    68  rt_memclr.o(.text)
    _memset                                  0x080006f9   Thumb Code     0  rt_memclr.o(.text)
    __aeabi_errno_addr                       0x08000739   Thumb Code     8  rt_errno_addr_intlibspace.o(.text)
    __errno$intlibspace                      0x08000739   Thumb Code     0  rt_errno_addr_intlibspace.o(.text)
    __rt_errno_addr$intlibspace              0x08000739   Thumb Code     0  rt_errno_addr_intlibspace.o(.text)
    ferror                                   0x08000741   Thumb Code     8  ferror.o(.text)
    __aeabi_memclr4                          0x08000749   Thumb Code     0  rt_memclr_w.o(.text)
    __aeabi_memclr8                          0x08000749   Thumb Code     0  rt_memclr_w.o(.text)
    __rt_memclr_w                            0x08000749   Thumb Code    78  rt_memclr_w.o(.text)
    _memset_w                                0x0800074d   Thumb Code     0  rt_memclr_w.o(.text)
    __user_libspace                          0x08000799   Thumb Code     8  libspace.o(.text)
    __user_perproc_libspace                  0x08000799   Thumb Code     0  libspace.o(.text)
    __user_perthread_libspace                0x08000799   Thumb Code     0  libspace.o(.text)
    __user_setup_stackheap                   0x080007a1   Thumb Code    74  sys_stackheap_outer.o(.text)
    exit                                     0x080007eb   Thumb Code    18  exit.o(.text)
    BusFault_Handler                         0x080007fd   Thumb Code     2  stm32f4xx_it.o(i.BusFault_Handler)
    DebugMon_Handler                         0x080007ff   Thumb Code     2  stm32f4xx_it.o(i.DebugMon_Handler)
    FMC_NORSRAM_Extended_Timing_Init         0x08000801   Thumb Code    60  stm32f4xx_ll_fmc.o(i.FMC_NORSRAM_Extended_Timing_Init)
    FMC_NORSRAM_Init                         0x08000841   Thumb Code   110  stm32f4xx_ll_fmc.o(i.FMC_NORSRAM_Init)
    FMC_NORSRAM_Timing_Init                  0x080008b9   Thumb Code    86  stm32f4xx_ll_fmc.o(i.FMC_NORSRAM_Timing_Init)
    HAL_GPIO_Init                            0x08000915   Thumb Code   422  stm32f4xx_hal_gpio.o(i.HAL_GPIO_Init)
    HAL_GPIO_WritePin                        0x08000af1   Thumb Code    10  stm32f4xx_hal_gpio.o(i.HAL_GPIO_WritePin)
    HAL_GetTick                              0x08000afd   Thumb Code     6  stm32f4xx_hal.o(i.HAL_GetTick)
    HAL_IncTick                              0x08000b09   Thumb Code    10  stm32f4xx_hal.o(i.HAL_IncTick)
    HAL_Init                                 0x08000b19   Thumb Code    48  stm32f4xx_hal.o(i.HAL_Init)
    HAL_InitTick                             0x08000b4d   Thumb Code    34  stm32f4xx_hal.o(i.HAL_InitTick)
    HAL_MspInit                              0x08000b6f   Thumb Code     8  stm32f4xx_hal.o(i.HAL_MspInit)
    HAL_NVIC_EnableIRQ                       0x08000b77   Thumb Code    22  stm32f4xx_hal_cortex.o(i.HAL_NVIC_EnableIRQ)
    HAL_NVIC_SetPriority                     0x08000b8d   Thumb Code    60  stm32f4xx_hal_cortex.o(i.HAL_NVIC_SetPriority)
    HAL_NVIC_SetPriorityGrouping             0x08000bcd   Thumb Code    26  stm32f4xx_hal_cortex.o(i.HAL_NVIC_SetPriorityGrouping)
    HAL_PWREx_EnableOverDrive                0x08000bf1   Thumb Code   122  stm32f4xx_hal_pwr_ex.o(i.HAL_PWREx_EnableOverDrive)
    HAL_RCC_ClockConfig                      0x08000c79   Thumb Code   512  stm32f4xx_hal_rcc.o(i.HAL_RCC_ClockConfig)
    HAL_RCC_GetHCLKFreq                      0x08000e81   Thumb Code    38  stm32f4xx_hal_rcc.o(i.HAL_RCC_GetHCLKFreq)
    HAL_RCC_GetPCLK1Freq                     0x08000eb5   Thumb Code    36  stm32f4xx_hal_rcc.o(i.HAL_RCC_GetPCLK1Freq)
    HAL_RCC_GetPCLK2Freq                     0x08000ee1   Thumb Code    36  stm32f4xx_hal_rcc.o(i.HAL_RCC_GetPCLK2Freq)
    HAL_RCC_GetSysClockFreq                  0x08000f0d   Thumb Code    88  stm32f4xx_hal_rcc.o(i.HAL_RCC_GetSysClockFreq)
    HAL_RCC_OscConfig                        0x08000f6d   Thumb Code   774  stm32f4xx_hal_rcc.o(i.HAL_RCC_OscConfig)
    HAL_SRAM_Init                            0x08001289   Thumb Code    86  stm32f4xx_hal_sram.o(i.HAL_SRAM_Init)
    HAL_SRAM_MspInit                         0x080012e1   Thumb Code   106  lcd.o(i.HAL_SRAM_MspInit)
    HAL_SYSTICK_CLKSourceConfig              0x08001359   Thumb Code    24  stm32f4xx_hal_cortex.o(i.HAL_SYSTICK_CLKSourceConfig)
    HAL_SYSTICK_Config                       0x08001371   Thumb Code    40  stm32f4xx_hal_cortex.o(i.HAL_SYSTICK_Config)
    HAL_UART_ErrorCallback                   0x08001399   Thumb Code     2  stm32f4xx_hal_uart.o(i.HAL_UART_ErrorCallback)
    HAL_UART_GetState                        0x0800139b   Thumb Code     6  stm32f4xx_hal_uart.o(i.HAL_UART_GetState)
    HAL_UART_IRQHandler                      0x080013a1   Thumb Code   244  stm32f4xx_hal_uart.o(i.HAL_UART_IRQHandler)
    HAL_UART_Init                            0x08001495   Thumb Code    94  stm32f4xx_hal_uart.o(i.HAL_UART_Init)
    HAL_UART_MspInit                         0x080014f5   Thumb Code   284  usart.o(i.HAL_UART_MspInit)
    HAL_UART_Receive_IT                      0x08001629   Thumb Code   104  stm32f4xx_hal_uart.o(i.HAL_UART_Receive_IT)
    HAL_UART_RxCpltCallback                  0x08001691   Thumb Code    84  usart.o(i.HAL_UART_RxCpltCallback)
    HAL_UART_TxCpltCallback                  0x080016f5   Thumb Code     2  stm32f4xx_hal_uart.o(i.HAL_UART_TxCpltCallback)
    HardFault_Handler                        0x080016f7   Thumb Code     2  stm32f4xx_it.o(i.HardFault_Handler)
    LED_Init                                 0x080016f9   Thumb Code    58  led.o(i.LED_Init)
    MemManage_Handler                        0x0800173d   Thumb Code     2  stm32f4xx_it.o(i.MemManage_Handler)
    NMI_Handler                              0x0800173f   Thumb Code     2  stm32f4xx_it.o(i.NMI_Handler)
    Stm32_Clock_Init                         0x08001761   Thumb Code   122  sys.o(i.Stm32_Clock_Init)
    SysTick_Handler                          0x080017e5   Thumb Code    22  delay.o(i.SysTick_Handler)
    SystemInit                               0x080017fd   Thumb Code    66  system_stm32f4xx.o(i.SystemInit)
    USART1_IRQHandler                        0x08001ad5   Thumb Code    56  usart.o(i.USART1_IRQHandler)
    USART2_IRQHandler                        0x08001b19   Thumb Code     6  usart.o(i.USART2_IRQHandler)
    USART3_IRQHandler                        0x08001b25   Thumb Code     6  usart.o(i.USART3_IRQHandler)
    Uart2_Init                               0x08001b31   Thumb Code    44  usart.o(i.Uart2_Init)
    Uart3_Init                               0x08001b69   Thumb Code    44  usart.o(i.Uart3_Init)
    UsageFault_Handler                       0x08001ba1   Thumb Code     2  stm32f4xx_it.o(i.UsageFault_Handler)
    __ARM_fpclassify                         0x08001ba3   Thumb Code    48  fpclassify.o(i.__ARM_fpclassify)
    __hardfp_cos                             0x08001bd9   Thumb Code   180  cos.o(i.__hardfp_cos)
    __hardfp_sin                             0x08001ca1   Thumb Code   180  sin.o(i.__hardfp_sin)
    __ieee754_rem_pio2                       0x08001d69   Thumb Code   938  rred.o(i.__ieee754_rem_pio2)
    __kernel_cos                             0x080021a1   Thumb Code   322  cos_i.o(i.__kernel_cos)
    __kernel_poly                            0x08002311   Thumb Code   248  poly.o(i.__kernel_poly)
    __kernel_sin                             0x08002409   Thumb Code   280  sin_i.o(i.__kernel_sin)
    __mathlib_dbl_infnan                     0x08002539   Thumb Code    20  dunder.o(i.__mathlib_dbl_infnan)
    __mathlib_dbl_invalid                    0x08002551   Thumb Code    24  dunder.o(i.__mathlib_dbl_invalid)
    __mathlib_dbl_underflow                  0x08002571   Thumb Code    24  dunder.o(i.__mathlib_dbl_underflow)
    _sys_exit                                0x08002591   Thumb Code     2  usart.o(i._sys_exit)
    delay_init                               0x08002595   Thumb Code    50  delay.o(i.delay_init)
    delay_ms                                 0x080025cd   Thumb Code    52  delay.o(i.delay_ms)
    delay_us                                 0x08002605   Thumb Code    48  delay.o(i.delay_us)
    fabs                                     0x08002639   Thumb Code    24  fabs.o(i.fabs)
    fputc                                    0x08002651   Thumb Code    14  usart.o(i.fputc)
    init_encoder                             0x08002665   Thumb Code   266  encoder.o(i.init_encoder)
    initial_task                             0x08002785   Thumb Code    30  task_sys.o(i.initial_task)
    main                                     0x080028b9   Thumb Code    60  main.o(i.main)
    parse_encoder                            0x080028f9   Thumb Code   280  encoder.o(i.parse_encoder)
    pvPortMalloc                             0x08003289   Thumb Code   214  heap_4.o(i.pvPortMalloc)
    pvTaskIncrementMutexHeldCount            0x0800339d   Thumb Code    18  tasks.o(i.pvTaskIncrementMutexHeldCount)
    pxPortInitialiseStack                    0x080033b5   Thumb Code    40  port.o(i.pxPortInitialiseStack)
    start_task                               0x080033e1   Thumb Code    66  task_sys.o(i.start_task)
    task1_task                               0x08003449   Thumb Code    96  main.o(i.task1_task)
    task2_task                               0x080034ad   Thumb Code  1174  control_task.o(i.task2_task)
    traj_generate                            0x0800394d   Thumb Code   622  control.o(i.traj_generate)
    uxListRemove                             0x08003c0d   Thumb Code    36  list.o(i.uxListRemove)
    vListInitialise                          0x08003c31   Thumb Code    22  list.o(i.vListInitialise)
    vListInitialiseItem                      0x08003c47   Thumb Code     6  list.o(i.vListInitialiseItem)
    vListInsert                              0x08003c4d   Thumb Code    48  list.o(i.vListInsert)
    vListInsertEnd                           0x08003c7d   Thumb Code    24  list.o(i.vListInsertEnd)
    vPortEnterCritical                       0x08003c95   Thumb Code    50  port.o(i.vPortEnterCritical)
    vPortExitCritical                        0x08003d0d   Thumb Code    34  port.o(i.vPortExitCritical)
    vPortFree                                0x08003d71   Thumb Code    94  heap_4.o(i.vPortFree)
    vPortSetupTimerInterrupt                 0x08003e0d   Thumb Code    26  port.o(i.vPortSetupTimerInterrupt)
    vPortValidateInterruptPriority           0x08003e2d   Thumb Code    70  port.o(i.vPortValidateInterruptPriority)
    vQueueAddToRegistry                      0x08003eb9   Thumb Code    32  queue.o(i.vQueueAddToRegistry)
    vQueueWaitForMessageRestricted           0x08003edd   Thumb Code    68  queue.o(i.vQueueWaitForMessageRestricted)
    vTaskDelay                               0x08003f21   Thumb Code    62  tasks.o(i.vTaskDelay)
    vTaskDelete                              0x08003f8d   Thumb Code   152  tasks.o(i.vTaskDelete)
    vTaskMissedYield                         0x08004059   Thumb Code     8  tasks.o(i.vTaskMissedYield)
    vTaskPlaceOnEventList                    0x08004065   Thumb Code    44  tasks.o(i.vTaskPlaceOnEventList)
    vTaskPlaceOnEventListRestricted          0x080040b9   Thumb Code    52  tasks.o(i.vTaskPlaceOnEventListRestricted)
    vTaskPriorityInherit                     0x08004115   Thumb Code   124  tasks.o(i.vTaskPriorityInherit)
    vTaskSetTimeOutState                     0x08004199   Thumb Code    30  tasks.o(i.vTaskSetTimeOutState)
    vTaskStartScheduler                      0x080041e1   Thumb Code    96  tasks.o(i.vTaskStartScheduler)
    vTaskSuspendAll                          0x08004275   Thumb Code    10  tasks.o(i.vTaskSuspendAll)
    vTaskSwitchContext                       0x08004285   Thumb Code    80  tasks.o(i.vTaskSwitchContext)
    xPortStartScheduler                      0x08004301   Thumb Code   196  port.o(i.xPortStartScheduler)
    xPortSysTickHandler                      0x08004415   Thumb Code    38  port.o(i.xPortSysTickHandler)
    xQueueGenericCreate                      0x08004441   Thumb Code    82  queue.o(i.xQueueGenericCreate)
    xQueueGenericReceive                     0x080044b9   Thumb Code   348  queue.o(i.xQueueGenericReceive)
    xQueueGenericReset                       0x0800463d   Thumb Code   128  queue.o(i.xQueueGenericReset)
    xQueueGenericSend                        0x080046e5   Thumb Code   350  queue.o(i.xQueueGenericSend)
    xQueueGenericSendFromISR                 0x0800486d   Thumb Code   188  queue.o(i.xQueueGenericSendFromISR)
    xTaskCheckForTimeOut                     0x0800494d   Thumb Code    94  tasks.o(i.xTaskCheckForTimeOut)
    xTaskCreate                              0x080049d5   Thumb Code    86  tasks.o(i.xTaskCreate)
    xTaskGetSchedulerState                   0x08004a2d   Thumb Code    22  tasks.o(i.xTaskGetSchedulerState)
    xTaskGetTickCount                        0x08004a49   Thumb Code     6  tasks.o(i.xTaskGetTickCount)
    xTaskIncrementTick                       0x08004a55   Thumb Code   188  tasks.o(i.xTaskIncrementTick)
    xTaskPriorityDisinherit                  0x08004b3d   Thumb Code   136  tasks.o(i.xTaskPriorityDisinherit)
    xTaskRemoveFromEventList                 0x08004bf1   Thumb Code   102  tasks.o(i.xTaskRemoveFromEventList)
    xTaskResumeAll                           0x08004c89   Thumb Code   180  tasks.o(i.xTaskResumeAll)
    xTimerCreate                             0x08004d6d   Thumb Code    74  timers.o(i.xTimerCreate)
    xTimerCreateTimerTask                    0x08004de1   Thumb Code    58  timers.o(i.xTimerCreateTimerTask)
    xTimerGenericCommand                     0x08004e55   Thumb Code    98  timers.o(i.xTimerGenericCommand)
    __aeabi_dneg                             0x08004ee5   Thumb Code     0  basic.o(x$fpl$basic)
    _dneg                                    0x08004ee5   Thumb Code     6  basic.o(x$fpl$basic)
    __aeabi_fneg                             0x08004eeb   Thumb Code     0  basic.o(x$fpl$basic)
    _fneg                                    0x08004eeb   Thumb Code     6  basic.o(x$fpl$basic)
    _dabs                                    0x08004ef1   Thumb Code     6  basic.o(x$fpl$basic)
    _fabs                                    0x08004ef7   Thumb Code     6  basic.o(x$fpl$basic)
    __aeabi_d2f                              0x08004efd   Thumb Code     0  d2f.o(x$fpl$d2f)
    _d2f                                     0x08004efd   Thumb Code    98  d2f.o(x$fpl$d2f)
    __aeabi_dadd                             0x08004f61   Thumb Code     0  daddsub_clz.o(x$fpl$dadd)
    _dadd                                    0x08004f61   Thumb Code   332  daddsub_clz.o(x$fpl$dadd)
    __aeabi_ddiv                             0x080050b1   Thumb Code     0  ddiv.o(x$fpl$ddiv)
    _ddiv                                    0x080050b1   Thumb Code   552  ddiv.o(x$fpl$ddiv)
    __aeabi_d2iz                             0x08005361   Thumb Code     0  dfix.o(x$fpl$dfix)
    _dfix                                    0x08005361   Thumb Code    94  dfix.o(x$fpl$dfix)
    __aeabi_i2d                              0x080053bf   Thumb Code     0  dflt_clz.o(x$fpl$dflt)
    _dflt                                    0x080053bf   Thumb Code    46  dflt_clz.o(x$fpl$dflt)
    __aeabi_ui2d                             0x080053ed   Thumb Code     0  dflt_clz.o(x$fpl$dfltu)
    _dfltu                                   0x080053ed   Thumb Code    38  dflt_clz.o(x$fpl$dfltu)
    __aeabi_dmul                             0x08005415   Thumb Code     0  dmul.o(x$fpl$dmul)
    _dmul                                    0x08005415   Thumb Code   332  dmul.o(x$fpl$dmul)
    __fpl_dnaninf                            0x08005569   Thumb Code   156  dnaninf.o(x$fpl$dnaninf)
    __fpl_dretinf                            0x08005605   Thumb Code    12  dretinf.o(x$fpl$dretinf)
    __aeabi_drsub                            0x08005611   Thumb Code     0  daddsub_clz.o(x$fpl$drsb)
    _drsb                                    0x08005611   Thumb Code    22  daddsub_clz.o(x$fpl$drsb)
    __aeabi_dsub                             0x08005629   Thumb Code     0  daddsub_clz.o(x$fpl$dsub)
    _dsub                                    0x08005629   Thumb Code   464  daddsub_clz.o(x$fpl$dsub)
    __aeabi_f2d                              0x080057fd   Thumb Code     0  f2d.o(x$fpl$f2d)
    _f2d                                     0x080057fd   Thumb Code    86  f2d.o(x$fpl$f2d)
    __fpl_fnaninf                            0x08005853   Thumb Code   140  fnaninf.o(x$fpl$fnaninf)
    _fp_init                                 0x080058df   Thumb Code    10  fpinit.o(x$fpl$fpinit)
    __fplib_config_fpu_vfp                   0x080058e7   Thumb Code     0  fpinit.o(x$fpl$fpinit)
    __fplib_config_pureend_doubles           0x080058e7   Thumb Code     0  fpinit.o(x$fpl$fpinit)
    __fpl_fretinf                            0x080058e9   Thumb Code    10  fretinf.o(x$fpl$fretinf)
    APBAHBPrescTable                         0x080058f2   Data          16  stm32f4xx_hal_rcc.o(.constdata)
    __I$use$fp                               0x080058f2   Number         0  usenofp.o(x$fpl$usenofp)
    Region$$Table$$Base                      0x08005a28   Number         0  anon$$obj.o(Region$$Table)
    Region$$Table$$Limit                     0x08005a48   Number         0  anon$$obj.o(Region$$Table)
    SystemCoreClock                          0x20000000   Data           4  system_stm32f4xx.o(.data)
    AHBPrescTable                            0x20000004   Data          16  system_stm32f4xx.o(.data)
    switch_signal                            0x20000038   Data           1  control_task.o(.data)
    desired                                  0x2000003c   Data           2  control_task.o(.data)
    controller_u                             0x20000040   Data           2  control_task.o(.data)
    enc_tama1                                0x20000044   Data           2  control_task.o(.data)
    enc_tama2                                0x20000046   Data           2  control_task.o(.data)
    enc_maxon                                0x20000048   Data           2  control_task.o(.data)
    force_raw                                0x2000004a   Data           2  control_task.o(.data)
    spring_error                             0x2000004c   Data           2  control_task.o(.data)
    theta_d                                  0x2000004e   Data           2  control_task.o(.data)
    dp                                       0x20000050   Data           2  control_task.o(.data)
    error_pos                                0x20000052   Data           2  control_task.o(.data)
    desired_joint                            0x20000058   Data           4  control_task.o(.data)
    joint_angle                              0x20000060   Data           4  control_task.o(.data)
    force                                    0x20000064   Data           4  control_task.o(.data)
    debug_rs485                              0x20000068   Data           8  control_task.o(.data)
    controlbegin                             0x2000007c   Data           1  usart.o(.data)
    aRxBuffer                                0x2000007e   Data           1  usart.o(.data)
    USART_RX_STA                             0x20000080   Data           2  usart.o(.data)
    __stdout                                 0x20000084   Data           4  usart.o(.data)
    begins                                   0x20000088   Data           1  usart.o(.data)
    fsmc                                     0x2000008c   Data           4  fmc.o(.data)
    StartTask_Handler                        0x20000090   Data           4  task_sys.o(.data)
    Task1Task_Handler                        0x20000094   Data           4  task_sys.o(.data)
    Task2Task_Handler                        0x20000098   Data           4  task_sys.o(.data)
    pxCurrentTCB                             0x2000009c   Data           4  tasks.o(.data)
    debug_variable                           0x20000110   Data          12  control_task.o(.bss)
    tama1                                    0x20000128   Data          16  control_task.o(.bss)
    tama2                                    0x20000138   Data          16  control_task.o(.bss)
    maxon                                    0x20000148   Data          16  control_task.o(.bss)
    interpolation_position                   0x20000158   Data          20  control_task.o(.bss)
    USART_RX_BUF                             0x2000016c   Data         200  usart.o(.bss)
    UART1_Handler                            0x20000234   Data          64  usart.o(.bss)
    UART2_Handler                            0x20000274   Data          64  usart.o(.bss)
    UART3_Handler                            0x200002b4   Data          64  usart.o(.bss)
    xQueueRegistry                           0x200002f4   Data          64  queue.o(.bss)
    __libspace_start                         0x2000be40   Data          96  libspace.o(.bss)
    __temporary_stack_top$libspace           0x2000bea0   Data           0  libspace.o(.bss)
    ltdc_lcd_framebuf                        0xc0000000   Data       2048000  ltdc.o(.ARM.__AT_0xC0000000)



==============================================================================

Memory Map of the image

  Image Entry point : 0x080001ad

  Load Region LR_IROM1 (Base: 0x08000000, Size: 0x00005b58, Max: 0x00100000, ABSOLUTE)

    Execution Region ER_IROM1 (Exec base: 0x08000000, Load base: 0x08000000, Size: 0x00005a48, Max: 0x00100000, ABSOLUTE)

    Exec Addr    Load Addr    Size         Type   Attr      Idx    E Section Name        Object

    0x08000000   0x08000000   0x000001ac   Data   RO          707    RESET               startup_stm32f429xx.o
    0x080001ac   0x080001ac   0x00000008   Code   RO         4624  * !!!main             c_w.l(__main.o)
    0x080001b4   0x080001b4   0x00000034   Code   RO         4910    !!!scatter          c_w.l(__scatter.o)
    0x080001e8   0x080001e8   0x0000001a   Code   RO         4912    !!handler_copy      c_w.l(__scatter_copy.o)
    0x08000202   0x08000202   0x00000002   PAD
    0x08000204   0x08000204   0x0000001c   Code   RO         4914    !!handler_zi        c_w.l(__scatter_zi.o)
    0x08000220   0x08000220   0x00000000   Code   RO         4606    .ARM.Collect$$_printf_percent$$00000000  c_w.l(_printf_percent.o)
    0x08000220   0x08000220   0x00000006   Code   RO         4604    .ARM.Collect$$_printf_percent$$00000009  c_w.l(_printf_d.o)
    0x08000226   0x08000226   0x00000006   Code   RO         4602    .ARM.Collect$$_printf_percent$$00000014  c_w.l(_printf_s.o)
    0x0800022c   0x0800022c   0x00000004   Code   RO         4691    .ARM.Collect$$_printf_percent$$00000017  c_w.l(_printf_percent_end.o)
    0x08000230   0x08000230   0x00000002   Code   RO         4840    .ARM.Collect$$libinit$$00000000  c_w.l(libinit.o)
    0x08000232   0x08000232   0x00000004   Code   RO         4694    .ARM.Collect$$libinit$$00000001  c_w.l(libinit2.o)
    0x08000236   0x08000236   0x00000000   Code   RO         4697    .ARM.Collect$$libinit$$00000004  c_w.l(libinit2.o)
    0x08000236   0x08000236   0x00000000   Code   RO         4700    .ARM.Collect$$libinit$$0000000A  c_w.l(libinit2.o)
    0x08000236   0x08000236   0x00000000   Code   RO         4702    .ARM.Collect$$libinit$$0000000C  c_w.l(libinit2.o)
    0x08000236   0x08000236   0x00000000   Code   RO         4704    .ARM.Collect$$libinit$$0000000E  c_w.l(libinit2.o)
    0x08000236   0x08000236   0x00000000   Code   RO         4707    .ARM.Collect$$libinit$$00000011  c_w.l(libinit2.o)
    0x08000236   0x08000236   0x00000000   Code   RO         4709    .ARM.Collect$$libinit$$00000013  c_w.l(libinit2.o)
    0x08000236   0x08000236   0x00000000   Code   RO         4711    .ARM.Collect$$libinit$$00000015  c_w.l(libinit2.o)
    0x08000236   0x08000236   0x00000000   Code   RO         4713    .ARM.Collect$$libinit$$00000017  c_w.l(libinit2.o)
    0x08000236   0x08000236   0x00000000   Code   RO         4715    .ARM.Collect$$libinit$$00000019  c_w.l(libinit2.o)
    0x08000236   0x08000236   0x00000000   Code   RO         4717    .ARM.Collect$$libinit$$0000001B  c_w.l(libinit2.o)
    0x08000236   0x08000236   0x00000000   Code   RO         4719    .ARM.Collect$$libinit$$0000001D  c_w.l(libinit2.o)
    0x08000236   0x08000236   0x00000000   Code   RO         4721    .ARM.Collect$$libinit$$0000001F  c_w.l(libinit2.o)
    0x08000236   0x08000236   0x00000000   Code   RO         4723    .ARM.Collect$$libinit$$00000021  c_w.l(libinit2.o)
    0x08000236   0x08000236   0x00000000   Code   RO         4725    .ARM.Collect$$libinit$$00000023  c_w.l(libinit2.o)
    0x08000236   0x08000236   0x00000000   Code   RO         4727    .ARM.Collect$$libinit$$00000025  c_w.l(libinit2.o)
    0x08000236   0x08000236   0x00000000   Code   RO         4731    .ARM.Collect$$libinit$$0000002C  c_w.l(libinit2.o)
    0x08000236   0x08000236   0x00000000   Code   RO         4733    .ARM.Collect$$libinit$$0000002E  c_w.l(libinit2.o)
    0x08000236   0x08000236   0x00000000   Code   RO         4735    .ARM.Collect$$libinit$$00000030  c_w.l(libinit2.o)
    0x08000236   0x08000236   0x00000000   Code   RO         4737    .ARM.Collect$$libinit$$00000032  c_w.l(libinit2.o)
    0x08000236   0x08000236   0x00000002   Code   RO         4738    .ARM.Collect$$libinit$$00000033  c_w.l(libinit2.o)
    0x08000238   0x08000238   0x00000002   Code   RO         4871    .ARM.Collect$$libshutdown$$00000000  c_w.l(libshutdown.o)
    0x0800023a   0x0800023a   0x00000000   Code   RO         4877    .ARM.Collect$$libshutdown$$00000002  c_w.l(libshutdown2.o)
    0x0800023a   0x0800023a   0x00000000   Code   RO         4879    .ARM.Collect$$libshutdown$$00000004  c_w.l(libshutdown2.o)
    0x0800023a   0x0800023a   0x00000000   Code   RO         4882    .ARM.Collect$$libshutdown$$00000007  c_w.l(libshutdown2.o)
    0x0800023a   0x0800023a   0x00000000   Code   RO         4885    .ARM.Collect$$libshutdown$$0000000A  c_w.l(libshutdown2.o)
    0x0800023a   0x0800023a   0x00000000   Code   RO         4887    .ARM.Collect$$libshutdown$$0000000C  c_w.l(libshutdown2.o)
    0x0800023a   0x0800023a   0x00000000   Code   RO         4890    .ARM.Collect$$libshutdown$$0000000F  c_w.l(libshutdown2.o)
    0x0800023a   0x0800023a   0x00000002   Code   RO         4891    .ARM.Collect$$libshutdown$$00000010  c_w.l(libshutdown2.o)
    0x0800023c   0x0800023c   0x00000000   Code   RO         4678    .ARM.Collect$$rtentry$$00000000  c_w.l(__rtentry.o)
    0x0800023c   0x0800023c   0x00000000   Code   RO         4779    .ARM.Collect$$rtentry$$00000002  c_w.l(__rtentry2.o)
    0x0800023c   0x0800023c   0x00000006   Code   RO         4791    .ARM.Collect$$rtentry$$00000004  c_w.l(__rtentry4.o)
    0x08000242   0x08000242   0x00000000   Code   RO         4781    .ARM.Collect$$rtentry$$00000009  c_w.l(__rtentry2.o)
    0x08000242   0x08000242   0x00000004   Code   RO         4782    .ARM.Collect$$rtentry$$0000000A  c_w.l(__rtentry2.o)
    0x08000246   0x08000246   0x00000000   Code   RO         4784    .ARM.Collect$$rtentry$$0000000C  c_w.l(__rtentry2.o)
    0x08000246   0x08000246   0x00000008   Code   RO         4785    .ARM.Collect$$rtentry$$0000000D  c_w.l(__rtentry2.o)
    0x0800024e   0x0800024e   0x00000002   Code   RO         4843    .ARM.Collect$$rtexit$$00000000  c_w.l(rtexit.o)
    0x08000250   0x08000250   0x00000000   Code   RO         4853    .ARM.Collect$$rtexit$$00000002  c_w.l(rtexit2.o)
    0x08000250   0x08000250   0x00000004   Code   RO         4854    .ARM.Collect$$rtexit$$00000003  c_w.l(rtexit2.o)
    0x08000254   0x08000254   0x00000006   Code   RO         4855    .ARM.Collect$$rtexit$$00000004  c_w.l(rtexit2.o)
    0x0800025a   0x0800025a   0x00000002   PAD
    0x0800025c   0x0800025c   0x000000b6   Code   RO         4395    .emb_text           port.o
    0x08000312   0x08000312   0x00000002   PAD
    0x08000314   0x08000314   0x00000040   Code   RO          708    .text               startup_stm32f429xx.o
    0x08000354   0x08000354   0x00000002   Code   RO         4544    .text               c_w.l(use_no_semi_2.o)
    0x08000356   0x08000356   0x00000002   PAD
    0x08000358   0x08000358   0x00000018   Code   RO         4550    .text               c_w.l(noretval__2printf.o)
    0x08000370   0x08000370   0x00000068   Code   RO         4554    .text               c_w.l(__printf.o)
    0x080003d8   0x080003d8   0x00000052   Code   RO         4556    .text               c_w.l(_printf_str.o)
    0x0800042a   0x0800042a   0x00000002   PAD
    0x0800042c   0x0800042c   0x00000078   Code   RO         4558    .text               c_w.l(_printf_dec.o)
    0x080004a4   0x080004a4   0x0000008a   Code   RO         4616    .text               c_w.l(rt_memcpy_v6.o)
    0x0800052e   0x0800052e   0x00000064   Code   RO         4618    .text               c_w.l(rt_memcpy_w.o)
    0x08000592   0x08000592   0x00000010   Code   RO         4620    .text               c_w.l(aeabi_memset.o)
    0x080005a2   0x080005a2   0x00000006   Code   RO         4622    .text               c_w.l(heapauxi.o)
    0x080005a8   0x080005a8   0x00000002   Code   RO         4676    .text               c_w.l(use_no_semi.o)
    0x080005aa   0x080005aa   0x00000016   Code   RO         4679    .text               c_w.l(_rserrno.o)
    0x080005c0   0x080005c0   0x000000b2   Code   RO         4681    .text               c_w.l(_printf_intcommon.o)
    0x08000672   0x08000672   0x00000002   PAD
    0x08000674   0x08000674   0x00000030   Code   RO         4683    .text               c_w.l(_printf_char_common.o)
    0x080006a4   0x080006a4   0x0000002c   Code   RO         4687    .text               c_w.l(_printf_char.o)
    0x080006d0   0x080006d0   0x00000024   Code   RO         4689    .text               c_w.l(_printf_char_file.o)
    0x080006f4   0x080006f4   0x00000044   Code   RO         4692    .text               c_w.l(rt_memclr.o)
    0x08000738   0x08000738   0x00000008   Code   RO         4796    .text               c_w.l(rt_errno_addr_intlibspace.o)
    0x08000740   0x08000740   0x00000008   Code   RO         4800    .text               c_w.l(ferror.o)
    0x08000748   0x08000748   0x0000004e   Code   RO         4804    .text               c_w.l(rt_memclr_w.o)
    0x08000796   0x08000796   0x00000002   PAD
    0x08000798   0x08000798   0x00000008   Code   RO         4824    .text               c_w.l(libspace.o)
    0x080007a0   0x080007a0   0x0000004a   Code   RO         4827    .text               c_w.l(sys_stackheap_outer.o)
    0x080007ea   0x080007ea   0x00000012   Code   RO         4829    .text               c_w.l(exit.o)
    0x080007fc   0x080007fc   0x00000002   Code   RO          324    i.BusFault_Handler  stm32f4xx_it.o
    0x080007fe   0x080007fe   0x00000002   Code   RO          325    i.DebugMon_Handler  stm32f4xx_it.o
    0x08000800   0x08000800   0x00000040   Code   RO         2472    i.FMC_NORSRAM_Extended_Timing_Init  stm32f4xx_ll_fmc.o
    0x08000840   0x08000840   0x00000078   Code   RO         2473    i.FMC_NORSRAM_Init  stm32f4xx_ll_fmc.o
    0x080008b8   0x080008b8   0x0000005c   Code   RO         2474    i.FMC_NORSRAM_Timing_Init  stm32f4xx_ll_fmc.o
    0x08000914   0x08000914   0x000001dc   Code   RO          999    i.HAL_GPIO_Init     stm32f4xx_hal_gpio.o
    0x08000af0   0x08000af0   0x0000000a   Code   RO         1003    i.HAL_GPIO_WritePin  stm32f4xx_hal_gpio.o
    0x08000afa   0x08000afa   0x00000002   PAD
    0x08000afc   0x08000afc   0x0000000c   Code   RO          730    i.HAL_GetTick       stm32f4xx_hal.o
    0x08000b08   0x08000b08   0x00000010   Code   RO          731    i.HAL_IncTick       stm32f4xx_hal.o
    0x08000b18   0x08000b18   0x00000034   Code   RO          732    i.HAL_Init          stm32f4xx_hal.o
    0x08000b4c   0x08000b4c   0x00000022   Code   RO          733    i.HAL_InitTick      stm32f4xx_hal.o
    0x08000b6e   0x08000b6e   0x00000008   Code   RO          735    i.HAL_MspInit       stm32f4xx_hal.o
    0x08000b76   0x08000b76   0x00000016   Code   RO          876    i.HAL_NVIC_EnableIRQ  stm32f4xx_hal_cortex.o
    0x08000b8c   0x08000b8c   0x00000040   Code   RO          882    i.HAL_NVIC_SetPriority  stm32f4xx_hal_cortex.o
    0x08000bcc   0x08000bcc   0x00000024   Code   RO          883    i.HAL_NVIC_SetPriorityGrouping  stm32f4xx_hal_cortex.o
    0x08000bf0   0x08000bf0   0x00000088   Code   RO         1188    i.HAL_PWREx_EnableOverDrive  stm32f4xx_hal_pwr_ex.o
    0x08000c78   0x08000c78   0x00000208   Code   RO         1255    i.HAL_RCC_ClockConfig  stm32f4xx_hal_rcc.o
    0x08000e80   0x08000e80   0x00000034   Code   RO         1260    i.HAL_RCC_GetHCLKFreq  stm32f4xx_hal_rcc.o
    0x08000eb4   0x08000eb4   0x0000002c   Code   RO         1262    i.HAL_RCC_GetPCLK1Freq  stm32f4xx_hal_rcc.o
    0x08000ee0   0x08000ee0   0x0000002c   Code   RO         1263    i.HAL_RCC_GetPCLK2Freq  stm32f4xx_hal_rcc.o
    0x08000f0c   0x08000f0c   0x00000060   Code   RO         1264    i.HAL_RCC_GetSysClockFreq  stm32f4xx_hal_rcc.o
    0x08000f6c   0x08000f6c   0x0000031c   Code   RO         1267    i.HAL_RCC_OscConfig  stm32f4xx_hal_rcc.o
    0x08001288   0x08001288   0x00000056   Code   RO         2648    i.HAL_SRAM_Init     stm32f4xx_hal_sram.o
    0x080012de   0x080012de   0x00000002   PAD
    0x080012e0   0x080012e0   0x00000078   Code   RO         3045    i.HAL_SRAM_MspInit  lcd.o
    0x08001358   0x08001358   0x00000018   Code   RO          885    i.HAL_SYSTICK_CLKSourceConfig  stm32f4xx_hal_cortex.o
    0x08001370   0x08001370   0x00000028   Code   RO          887    i.HAL_SYSTICK_Config  stm32f4xx_hal_cortex.o
    0x08001398   0x08001398   0x00000002   Code   RO         1407    i.HAL_UART_ErrorCallback  stm32f4xx_hal_uart.o
    0x0800139a   0x0800139a   0x00000006   Code   RO         1409    i.HAL_UART_GetState  stm32f4xx_hal_uart.o
    0x080013a0   0x080013a0   0x000000f4   Code   RO         1410    i.HAL_UART_IRQHandler  stm32f4xx_hal_uart.o
    0x08001494   0x08001494   0x0000005e   Code   RO         1411    i.HAL_UART_Init     stm32f4xx_hal_uart.o
    0x080014f2   0x080014f2   0x00000002   PAD
    0x080014f4   0x080014f4   0x00000134   Code   RO         2842    i.HAL_UART_MspInit  usart.o
    0x08001628   0x08001628   0x00000068   Code   RO         1416    i.HAL_UART_Receive_IT  stm32f4xx_hal_uart.o
    0x08001690   0x08001690   0x00000064   Code   RO         2843    i.HAL_UART_RxCpltCallback  usart.o
    0x080016f4   0x080016f4   0x00000002   Code   RO         1422    i.HAL_UART_TxCpltCallback  stm32f4xx_hal_uart.o
    0x080016f6   0x080016f6   0x00000002   Code   RO          326    i.HardFault_Handler  stm32f4xx_it.o
    0x080016f8   0x080016f8   0x00000044   Code   RO         3021    i.LED_Init          led.o
    0x0800173c   0x0800173c   0x00000002   Code   RO          327    i.MemManage_Handler  stm32f4xx_it.o
    0x0800173e   0x0800173e   0x00000002   Code   RO          328    i.NMI_Handler       stm32f4xx_it.o
    0x08001740   0x08001740   0x00000020   Code   RO          889    i.NVIC_SetPriority  stm32f4xx_hal_cortex.o
    0x08001760   0x08001760   0x00000084   Code   RO         2815    i.Stm32_Clock_Init  sys.o
    0x080017e4   0x080017e4   0x00000016   Code   RO         2764    i.SysTick_Handler   delay.o
    0x080017fa   0x080017fa   0x00000002   PAD
    0x080017fc   0x080017fc   0x00000054   Code   RO          385    i.SystemInit        system_stm32f4xx.o
    0x08001850   0x08001850   0x000000a6   Code   RO         1429    i.UART_Receive_IT   stm32f4xx_hal_uart.o
    0x080018f6   0x080018f6   0x00000002   PAD
    0x080018f8   0x080018f8   0x00000174   Code   RO         1430    i.UART_SetConfig    stm32f4xx_hal_uart.o
    0x08001a6c   0x08001a6c   0x00000066   Code   RO         1431    i.UART_Transmit_IT  stm32f4xx_hal_uart.o
    0x08001ad2   0x08001ad2   0x00000002   PAD
    0x08001ad4   0x08001ad4   0x00000044   Code   RO         2844    i.USART1_IRQHandler  usart.o
    0x08001b18   0x08001b18   0x0000000c   Code   RO         2845    i.USART2_IRQHandler  usart.o
    0x08001b24   0x08001b24   0x0000000c   Code   RO         2846    i.USART3_IRQHandler  usart.o
    0x08001b30   0x08001b30   0x00000038   Code   RO         2847    i.Uart2_Init        usart.o
    0x08001b68   0x08001b68   0x00000038   Code   RO         2848    i.Uart3_Init        usart.o
    0x08001ba0   0x08001ba0   0x00000002   Code   RO          329    i.UsageFault_Handler  stm32f4xx_it.o
    0x08001ba2   0x08001ba2   0x00000030   Code   RO         4820    i.__ARM_fpclassify  m_wm.l(fpclassify.o)
    0x08001bd2   0x08001bd2   0x00000006   PAD
    0x08001bd8   0x08001bd8   0x000000c8   Code   RO         4652    i.__hardfp_cos      m_wm.l(cos.o)
    0x08001ca0   0x08001ca0   0x000000c8   Code   RO         4664    i.__hardfp_sin      m_wm.l(sin.o)
    0x08001d68   0x08001d68   0x00000438   Code   RO         4767    i.__ieee754_rem_pio2  m_wm.l(rred.o)
    0x080021a0   0x080021a0   0x00000170   Code   RO         4750    i.__kernel_cos      m_wm.l(cos_i.o)
    0x08002310   0x08002310   0x000000f8   Code   RO         4822    i.__kernel_poly     m_wm.l(poly.o)
    0x08002408   0x08002408   0x00000130   Code   RO         4772    i.__kernel_sin      m_wm.l(sin_i.o)
    0x08002538   0x08002538   0x00000014   Code   RO         4754    i.__mathlib_dbl_infnan  m_wm.l(dunder.o)
    0x0800254c   0x0800254c   0x00000004   PAD
    0x08002550   0x08002550   0x00000020   Code   RO         4756    i.__mathlib_dbl_invalid  m_wm.l(dunder.o)
    0x08002570   0x08002570   0x00000020   Code   RO         4759    i.__mathlib_dbl_underflow  m_wm.l(dunder.o)
    0x08002590   0x08002590   0x00000002   Code   RO         2849    i._sys_exit         usart.o
    0x08002592   0x08002592   0x00000002   PAD
    0x08002594   0x08002594   0x00000038   Code   RO         2765    i.delay_init        delay.o
    0x080025cc   0x080025cc   0x00000038   Code   RO         2766    i.delay_ms          delay.o
    0x08002604   0x08002604   0x00000034   Code   RO         2767    i.delay_us          delay.o
    0x08002638   0x08002638   0x00000018   Code   RO         4816    i.fabs              m_wm.l(fabs.o)
    0x08002650   0x08002650   0x00000014   Code   RO         2850    i.fputc             usart.o
    0x08002664   0x08002664   0x00000120   Code   RO          593    i.init_encoder      encoder.o
    0x08002784   0x08002784   0x00000034   Code   RO         2973    i.initial_task      task_sys.o
    0x080027b8   0x080027b8   0x00000100   Code   RO         2944    i.initialize        fmc.o
    0x080028b8   0x080028b8   0x00000040   Code   RO            4    i.main              main.o
    0x080028f8   0x080028f8   0x0000012c   Code   RO          594    i.parse_encoder     encoder.o
    0x08002a24   0x08002a24   0x00000070   Code   RO         3906    i.prvAddCurrentTaskToDelayedList  tasks.o
    0x08002a94   0x08002a94   0x000000d0   Code   RO         3907    i.prvAddNewTaskToReadyList  tasks.o
    0x08002b64   0x08002b64   0x00000050   Code   RO         4263    i.prvCheckForValidListAndQueue  timers.o
    0x08002bb4   0x08002bb4   0x00000054   Code   RO         3908    i.prvCheckTasksWaitingTermination  tasks.o
    0x08002c08   0x08002c08   0x00000026   Code   RO         3673    i.prvCopyDataFromQueue  queue.o
    0x08002c2e   0x08002c2e   0x0000006c   Code   RO         3674    i.prvCopyDataToQueue  queue.o
    0x08002c9a   0x08002c9a   0x00000014   Code   RO         3909    i.prvDeleteTCB      tasks.o
    0x08002cae   0x08002cae   0x00000002   PAD
    0x08002cb0   0x08002cb0   0x0000004c   Code   RO         4484    i.prvHeapInit       heap_4.o
    0x08002cfc   0x08002cfc   0x00000028   Code   RO         3910    i.prvIdleTask       tasks.o
    0x08002d24   0x08002d24   0x000000c0   Code   RO         3911    i.prvInitialiseNewTask  tasks.o
    0x08002de4   0x08002de4   0x0000004c   Code   RO         4485    i.prvInsertBlockIntoFreeList  heap_4.o
    0x08002e30   0x08002e30   0x00000038   Code   RO         4264    i.prvInsertTimerInActiveList  timers.o
    0x08002e68   0x08002e68   0x0000001a   Code   RO         3675    i.prvIsQueueEmpty   queue.o
    0x08002e82   0x08002e82   0x00000002   PAD
    0x08002e84   0x08002e84   0x00000090   Code   RO         3676    i.prvNotifyQueueSetContainer  queue.o
    0x08002f14   0x08002f14   0x00000060   Code   RO         4265    i.prvProcessExpiredTimer  timers.o
    0x08002f74   0x08002f74   0x000000f0   Code   RO         4266    i.prvProcessReceivedCommands  timers.o
    0x08003064   0x08003064   0x0000006c   Code   RO         4267    i.prvProcessTimerOrBlockTask  timers.o
    0x080030d0   0x080030d0   0x00000020   Code   RO         3913    i.prvResetNextTaskUnblockTime  tasks.o
    0x080030f0   0x080030f0   0x00000028   Code   RO         4268    i.prvSampleTimeNow  timers.o
    0x08003118   0x08003118   0x0000006c   Code   RO         4269    i.prvSwitchTimerLists  timers.o
    0x08003184   0x08003184   0x00000064   Code   RO         4396    i.prvTaskExitError  port.o
    0x080031e8   0x080031e8   0x00000028   Code   RO         4270    i.prvTimerTask      timers.o
    0x08003210   0x08003210   0x00000078   Code   RO         3677    i.prvUnlockQueue    queue.o
    0x08003288   0x08003288   0x00000114   Code   RO         4486    i.pvPortMalloc      heap_4.o
    0x0800339c   0x0800339c   0x00000018   Code   RO         3915    i.pvTaskIncrementMutexHeldCount  tasks.o
    0x080033b4   0x080033b4   0x0000002c   Code   RO         4397    i.pxPortInitialiseStack  port.o
    0x080033e0   0x080033e0   0x00000068   Code   RO         2975    i.start_task        task_sys.o
    0x08003448   0x08003448   0x00000064   Code   RO            5    i.task1_task        main.o
    0x080034ac   0x080034ac   0x000004a0   Code   RO          635    i.task2_task        control_task.o
    0x0800394c   0x0800394c   0x000002c0   Code   RO          552    i.traj_generate     control.o
    0x08003c0c   0x08003c0c   0x00000024   Code   RO         3624    i.uxListRemove      list.o
    0x08003c30   0x08003c30   0x00000016   Code   RO         3625    i.vListInitialise   list.o
    0x08003c46   0x08003c46   0x00000006   Code   RO         3626    i.vListInitialiseItem  list.o
    0x08003c4c   0x08003c4c   0x00000030   Code   RO         3627    i.vListInsert       list.o
    0x08003c7c   0x08003c7c   0x00000018   Code   RO         3628    i.vListInsertEnd    list.o
    0x08003c94   0x08003c94   0x00000078   Code   RO         4399    i.vPortEnterCritical  port.o
    0x08003d0c   0x08003d0c   0x00000064   Code   RO         4400    i.vPortExitCritical  port.o
    0x08003d70   0x08003d70   0x0000009c   Code   RO         4487    i.vPortFree         heap_4.o
    0x08003e0c   0x08003e0c   0x00000020   Code   RO         4401    i.vPortSetupTimerInterrupt  port.o
    0x08003e2c   0x08003e2c   0x0000008c   Code   RO         4402    i.vPortValidateInterruptPriority  port.o
    0x08003eb8   0x08003eb8   0x00000024   Code   RO         3683    i.vQueueAddToRegistry  queue.o
    0x08003edc   0x08003edc   0x00000044   Code   RO         3687    i.vQueueWaitForMessageRestricted  queue.o
    0x08003f20   0x08003f20   0x0000006c   Code   RO         3923    i.vTaskDelay        tasks.o
    0x08003f8c   0x08003f8c   0x000000cc   Code   RO         3925    i.vTaskDelete       tasks.o
    0x08004058   0x08004058   0x0000000c   Code   RO         3929    i.vTaskMissedYield  tasks.o
    0x08004064   0x08004064   0x00000054   Code   RO         3931    i.vTaskPlaceOnEventList  tasks.o
    0x080040b8   0x080040b8   0x0000005c   Code   RO         3932    i.vTaskPlaceOnEventListRestricted  tasks.o
    0x08004114   0x08004114   0x00000084   Code   RO         3934    i.vTaskPriorityInherit  tasks.o
    0x08004198   0x08004198   0x00000048   Code   RO         3938    i.vTaskSetTimeOutState  tasks.o
    0x080041e0   0x080041e0   0x00000094   Code   RO         3939    i.vTaskStartScheduler  tasks.o
    0x08004274   0x08004274   0x00000010   Code   RO         3941    i.vTaskSuspendAll   tasks.o
    0x08004284   0x08004284   0x0000007c   Code   RO         3942    i.vTaskSwitchContext  tasks.o
    0x08004300   0x08004300   0x00000114   Code   RO         4403    i.xPortStartScheduler  port.o
    0x08004414   0x08004414   0x0000002c   Code   RO         4404    i.xPortSysTickHandler  port.o
    0x08004440   0x08004440   0x00000078   Code   RO         3692    i.xQueueGenericCreate  queue.o
    0x080044b8   0x080044b8   0x00000184   Code   RO         3693    i.xQueueGenericReceive  queue.o
    0x0800463c   0x0800463c   0x000000a8   Code   RO         3694    i.xQueueGenericReset  queue.o
    0x080046e4   0x080046e4   0x00000188   Code   RO         3695    i.xQueueGenericSend  queue.o
    0x0800486c   0x0800486c   0x000000e0   Code   RO         3696    i.xQueueGenericSendFromISR  queue.o
    0x0800494c   0x0800494c   0x00000088   Code   RO         3943    i.xTaskCheckForTimeOut  tasks.o
    0x080049d4   0x080049d4   0x00000056   Code   RO         3944    i.xTaskCreate       tasks.o
    0x08004a2a   0x08004a2a   0x00000002   PAD
    0x08004a2c   0x08004a2c   0x0000001c   Code   RO         3948    i.xTaskGetSchedulerState  tasks.o
    0x08004a48   0x08004a48   0x0000000c   Code   RO         3949    i.xTaskGetTickCount  tasks.o
    0x08004a54   0x08004a54   0x000000e8   Code   RO         3951    i.xTaskIncrementTick  tasks.o
    0x08004b3c   0x08004b3c   0x000000b4   Code   RO         3954    i.xTaskPriorityDisinherit  tasks.o
    0x08004bf0   0x08004bf0   0x00000098   Code   RO         3955    i.xTaskRemoveFromEventList  tasks.o
    0x08004c88   0x08004c88   0x000000e4   Code   RO         3957    i.xTaskResumeAll    tasks.o
    0x08004d6c   0x08004d6c   0x00000074   Code   RO         4273    i.xTimerCreate      timers.o
    0x08004de0   0x08004de0   0x00000074   Code   RO         4274    i.xTimerCreateTimerTask  timers.o
    0x08004e54   0x08004e54   0x00000090   Code   RO         4275    i.xTimerGenericCommand  timers.o
    0x08004ee4   0x08004ee4   0x00000018   Code   RO         4739    x$fpl$basic         fz_wm.l(basic.o)
    0x08004efc   0x08004efc   0x00000062   Code   RO         4626    x$fpl$d2f           fz_wm.l(d2f.o)
    0x08004f5e   0x08004f5e   0x00000002   PAD
    0x08004f60   0x08004f60   0x00000150   Code   RO         4628    x$fpl$dadd          fz_wm.l(daddsub_clz.o)
    0x080050b0   0x080050b0   0x000002b0   Code   RO         4809    x$fpl$ddiv          fz_wm.l(ddiv.o)
    0x08005360   0x08005360   0x0000005e   Code   RO         4634    x$fpl$dfix          fz_wm.l(dfix.o)
    0x080053be   0x080053be   0x0000002e   Code   RO         4643    x$fpl$dflt          fz_wm.l(dflt_clz.o)
    0x080053ec   0x080053ec   0x00000026   Code   RO         4642    x$fpl$dfltu         fz_wm.l(dflt_clz.o)
    0x08005412   0x08005412   0x00000002   PAD
    0x08005414   0x08005414   0x00000154   Code   RO         4648    x$fpl$dmul          fz_wm.l(dmul.o)
    0x08005568   0x08005568   0x0000009c   Code   RO         4741    x$fpl$dnaninf       fz_wm.l(dnaninf.o)
    0x08005604   0x08005604   0x0000000c   Code   RO         4743    x$fpl$dretinf       fz_wm.l(dretinf.o)
    0x08005610   0x08005610   0x00000016   Code   RO         4629    x$fpl$drsb          fz_wm.l(daddsub_clz.o)
    0x08005626   0x08005626   0x00000002   PAD
    0x08005628   0x08005628   0x000001d4   Code   RO         4630    x$fpl$dsub          fz_wm.l(daddsub_clz.o)
    0x080057fc   0x080057fc   0x00000056   Code   RO         4650    x$fpl$f2d           fz_wm.l(f2d.o)
    0x08005852   0x08005852   0x0000008c   Code   RO         4745    x$fpl$fnaninf       fz_wm.l(fnaninf.o)
    0x080058de   0x080058de   0x0000000a   Code   RO         4812    x$fpl$fpinit        fz_wm.l(fpinit.o)
    0x080058e8   0x080058e8   0x0000000a   Code   RO         4747    x$fpl$fretinf       fz_wm.l(fretinf.o)
    0x080058f2   0x080058f2   0x00000000   Code   RO         4749    x$fpl$usenofp       fz_wm.l(usenofp.o)
    0x080058f2   0x080058f2   0x00000010   Data   RO         1268    .constdata          stm32f4xx_hal_rcc.o
    0x08005902   0x08005902   0x00000006   PAD
    0x08005908   0x08005908   0x00000030   Data   RO         4751    .constdata          m_wm.l(cos_i.o)
    0x08005938   0x08005938   0x000000c8   Data   RO         4769    .constdata          m_wm.l(rred.o)
    0x08005a00   0x08005a00   0x00000028   Data   RO         4773    .constdata          m_wm.l(sin_i.o)
    0x08005a28   0x08005a28   0x00000020   Data   RO         4908    Region$$Table       anon$$obj.o


    Execution Region RW_IRAM1 (Exec base: 0x20000000, Load base: 0x08005a48, Size: 0x0000c4a0, Max: 0x00030000, ABSOLUTE)

    Exec Addr    Load Addr    Size         Type   Attr      Idx    E Section Name        Object

    0x20000000   0x08005a48   0x00000014   Data   RW          386    .data               system_stm32f4xx.o
    0x20000014   0x08005a5c   0x00000018   Data   RW          553    .data               control.o
    0x2000002c   0x08005a74   0x0000000c   Data   RW          595    .data               encoder.o
    0x20000038   0x08005a80   0x00000038   Data   RW          638    .data               control_task.o
    0x20000070   0x08005ab8   0x00000004   Data   RW          738    .data               stm32f4xx_hal.o
    0x20000074   0x08005abc   0x00000008   Data   RW         2769    .data               delay.o
    0x2000007c   0x08005ac4   0x00000001   Data   RW         2856    .data               usart.o
    0x2000007d   0x08005ac5   0x00000001   PAD
    0x2000007e   0x08005ac6   0x00000004   Data   RW         2857    .data               usart.o
    0x20000082   0x08005aca   0x00000002   PAD
    0x20000084   0x08005acc   0x00000004   Data   RW         2858    .data               usart.o
    0x20000088   0x08005ad0   0x00000001   Data   RW         2859    .data               usart.o
    0x20000089   0x08005ad1   0x00000003   PAD
    0x2000008c   0x08005ad4   0x00000004   Data   RW         2945    .data               fmc.o
    0x20000090   0x08005ad8   0x0000000c   Data   RW         2976    .data               task_sys.o
    0x2000009c   0x08005ae4   0x0000003c   Data   RW         3960    .data               tasks.o
    0x200000d8   0x08005b20   0x00000014   Data   RW         4283    .data               timers.o
    0x200000ec   0x08005b34   0x0000000c   Data   RW         4405    .data               port.o
    0x200000f8   0x08005b40   0x00000018   Data   RW         4492    .data               heap_4.o
    0x20000110        -       0x0000005c   Zero   RW          637    .bss                control_task.o
    0x2000016c        -       0x00000188   Zero   RW         2852    .bss                usart.o
    0x200002f4        -       0x00000040   Zero   RW         3707    .bss                queue.o
    0x20000334        -       0x000002e4   Zero   RW         3959    .bss                tasks.o
    0x20000618        -       0x00000028   Zero   RW         4282    .bss                timers.o
    0x20000640        -       0x0000b800   Zero   RW         4491    .bss                heap_4.o
    0x2000be40        -       0x00000060   Zero   RW         4825    .bss                c_w.l(libspace.o)
    0x2000bea0        -       0x00000200   Zero   RW          706    HEAP                startup_stm32f429xx.o
    0x2000c0a0        -       0x00000400   Zero   RW          705    STACK               startup_stm32f429xx.o



  Load Region LR$$.ARM.__AT_0xC0000000 (Base: 0xc0000000, Size: 0x00000000, Max: 0x001f4000, ABSOLUTE)

    Execution Region ER$$.ARM.__AT_0xC0000000 (Exec base: 0xc0000000, Load base: 0xc0000000, Size: 0x001f4000, Max: 0x001f4000, ABSOLUTE, UNINIT)

    Exec Addr    Load Addr    Size         Type   Attr      Idx    E Section Name        Object

    0xc0000000        -       0x001f4000   Zero   RW         3279    .ARM.__AT_0xC0000000  ltdc.o


==============================================================================

Image component sizes


      Code (inc. data)   RO Data    RW Data    ZI Data      Debug   Object Name

       704         82          0         24          0       3372   control.o
      1184        112          0         56         92       4444   control_task.o
       186         14          0          8          0       2425   delay.o
       588         42          0         12          0       2811   encoder.o
         0          0          0          0          0      11656   event_groups.o
       256         22          0          4          0       1771   fmc.o
       584        138          0         24      47104       3947   heap_4.o
       120         14          0          0          0       1564   lcd.o
        68         10          0          0          0        819   led.o
       136          0          0          0          0       3018   list.o
         0          0          0          0    2048000       1886   ltdc.o
       164          8          0          0          0     414184   main.o
      1038        382          0         12          0      10493   port.o
      1832        236          0          0         64      15417   queue.o
        64         26        428          0       1536        808   startup_stm32f429xx.o
       122         16          0          4          0       3984   stm32f4xx_hal.o
       218         14          0          0          0      30733   stm32f4xx_hal_cortex.o
       486         54          0          0          0       2576   stm32f4xx_hal_gpio.o
       136         14          0          0          0       1256   stm32f4xx_hal_pwr_ex.o
      1552         68         16          0          0       6115   stm32f4xx_hal_rcc.o
        86          0          0          0          0       1172   stm32f4xx_hal_sram.o
      1092          8          0          0          0       7151   stm32f4xx_hal_uart.o
        12          0          0          0          0       2529   stm32f4xx_it.o
       276         20          0          0          0       2700   stm32f4xx_ll_fmc.o
       132         10          0          0          0       1095   sys.o
        84         18          0         20          0        965   system_stm32f4xx.o
       156         60          0         12          0       1316   task_sys.o
      2758        670          0         60        740      28939   tasks.o
      1144        260          0         20         40       9618   timers.o
       634         94          0         10        392       7412   usart.o

    ----------------------------------------------------------------------
     15834       2392        482        272    2097968     586176   Object Totals
         0          0         32          0          0          0   (incl. Generated)
        22          0          6          6          0          0   (incl. Padding)

    ----------------------------------------------------------------------

      Code (inc. data)   RO Data    RW Data    ZI Data      Debug   Library Member Name

         8          0          0          0          0         68   __main.o
       104          0          0          0          0         84   __printf.o
         0          0          0          0          0          0   __rtentry.o
        12          0          0          0          0          0   __rtentry2.o
         6          0          0          0          0          0   __rtentry4.o
        52          8          0          0          0          0   __scatter.o
        26          0          0          0          0          0   __scatter_copy.o
        28          0          0          0          0          0   __scatter_zi.o
        44          0          0          0          0        108   _printf_char.o
        48          6          0          0          0         96   _printf_char_common.o
        36          4          0          0          0         80   _printf_char_file.o
         6          0          0          0          0          0   _printf_d.o
       120         16          0          0          0         92   _printf_dec.o
       178          0          0          0          0         88   _printf_intcommon.o
         0          0          0          0          0          0   _printf_percent.o
         4          0          0          0          0          0   _printf_percent_end.o
         6          0          0          0          0          0   _printf_s.o
        82          0          0          0          0         80   _printf_str.o
        22          0          0          0          0        100   _rserrno.o
        16          0          0          0          0         68   aeabi_memset.o
        18          0          0          0          0         80   exit.o
         8          0          0          0          0         68   ferror.o
         6          0          0          0          0        152   heapauxi.o
         2          0          0          0          0          0   libinit.o
         6          0          0          0          0          0   libinit2.o
         2          0          0          0          0          0   libshutdown.o
         2          0          0          0          0          0   libshutdown2.o
         8          4          0          0         96         68   libspace.o
        24          4          0          0          0         84   noretval__2printf.o
         8          4          0          0          0         68   rt_errno_addr_intlibspace.o
        68          0          0          0          0         68   rt_memclr.o
        78          0          0          0          0         80   rt_memclr_w.o
       138          0          0          0          0         68   rt_memcpy_v6.o
       100          0          0          0          0         80   rt_memcpy_w.o
         2          0          0          0          0          0   rtexit.o
        10          0          0          0          0          0   rtexit2.o
        74          0          0          0          0         80   sys_stackheap_outer.o
         2          0          0          0          0         68   use_no_semi.o
         2          0          0          0          0         68   use_no_semi_2.o
        24          0          0          0          0        164   basic.o
        98          4          0          0          0        140   d2f.o
       826         16          0          0          0        492   daddsub_clz.o
       688        140          0          0          0        256   ddiv.o
        94          4          0          0          0        140   dfix.o
        84          0          0          0          0        232   dflt_clz.o
       340         12          0          0          0        152   dmul.o
       156          4          0          0          0        140   dnaninf.o
        12          0          0          0          0        116   dretinf.o
        86          4          0          0          0        132   f2d.o
       140          4          0          0          0        132   fnaninf.o
        10          0          0          0          0        116   fpinit.o
        10          0          0          0          0        116   fretinf.o
         0          0          0          0          0          0   usenofp.o
       200         20          0          0          0        164   cos.o
       368         46         48          0          0        200   cos_i.o
        84         16          0          0          0        372   dunder.o
        24          0          0          0          0        124   fabs.o
        48          0          0          0          0        124   fpclassify.o
       248          0          0          0          0        152   poly.o
      1080        142        200          0          0        188   rred.o
       200         20          0          0          0        164   sin.o
       304         24         40          0          0        208   sin_i.o

    ----------------------------------------------------------------------
      6508        502        288          0         96       5920   Library Totals
        28          0          0          0          0          0   (incl. Padding)

    ----------------------------------------------------------------------

      Code (inc. data)   RO Data    RW Data    ZI Data      Debug   Library Name

      1356         46          0          0         96       1896   c_w.l
      2568        188          0          0          0       2328   fz_wm.l
      2556        268        288          0          0       1696   m_wm.l

    ----------------------------------------------------------------------
      6508        502        288          0         96       5920   Library Totals

    ----------------------------------------------------------------------

==============================================================================


      Code (inc. data)   RO Data    RW Data    ZI Data      Debug   

     22342       2894        770        272    2098064     576008   Grand Totals
     22342       2894        770        272    2098064     576008   ELF Image Totals
     22342       2894        770        272          0          0   ROM Totals

==============================================================================

    Total RO  Size (Code + RO Data)                23112 (  22.57kB)
    Total RW  Size (RW Data + ZI Data)           2098336 (2049.16kB)
    Total ROM Size (Code + RO Data + RW Data)      23384 (  22.84kB)

==============================================================================

